Archive member included to satisfy reference by file (symbol)

c:/arm_gcc/bin/../lib/gcc/arm-none-eabi/9.2.1/../../../../arm-none-eabi/lib/thumb/v7-m/nofp\libc_nano.a(lib_a-exit.o)
                              c:/arm_gcc/bin/../lib/gcc/arm-none-eabi/9.2.1/../../../../arm-none-eabi/lib/thumb/v7-m/nofp/crt0.o (exit)
c:/arm_gcc/bin/../lib/gcc/arm-none-eabi/9.2.1/../../../../arm-none-eabi/lib/thumb/v7-m/nofp\libc_nano.a(lib_a-impure.o)
                              c:/arm_gcc/bin/../lib/gcc/arm-none-eabi/9.2.1/../../../../arm-none-eabi/lib/thumb/v7-m/nofp\libc_nano.a(lib_a-exit.o) (_global_impure_ptr)
c:/arm_gcc/bin/../lib/gcc/arm-none-eabi/9.2.1/../../../../arm-none-eabi/lib/thumb/v7-m/nofp\libc_nano.a(lib_a-init.o)
                              c:/arm_gcc/bin/../lib/gcc/arm-none-eabi/9.2.1/../../../../arm-none-eabi/lib/thumb/v7-m/nofp/crt0.o (__libc_init_array)
c:/arm_gcc/bin/../lib/gcc/arm-none-eabi/9.2.1/../../../../arm-none-eabi/lib/thumb/v7-m/nofp\libc_nano.a(lib_a-malloc.o)
                              build/nrf24l01.o (malloc)
c:/arm_gcc/bin/../lib/gcc/arm-none-eabi/9.2.1/../../../../arm-none-eabi/lib/thumb/v7-m/nofp\libc_nano.a(lib_a-memcpy-stub.o)
                              build/nrf24l01.o (memcpy)
c:/arm_gcc/bin/../lib/gcc/arm-none-eabi/9.2.1/../../../../arm-none-eabi/lib/thumb/v7-m/nofp\libc_nano.a(lib_a-memset.o)
                              c:/arm_gcc/bin/../lib/gcc/arm-none-eabi/9.2.1/../../../../arm-none-eabi/lib/thumb/v7-m/nofp/crt0.o (memset)
c:/arm_gcc/bin/../lib/gcc/arm-none-eabi/9.2.1/../../../../arm-none-eabi/lib/thumb/v7-m/nofp\libc_nano.a(lib_a-nano-freer.o)
                              c:/arm_gcc/bin/../lib/gcc/arm-none-eabi/9.2.1/../../../../arm-none-eabi/lib/thumb/v7-m/nofp\libc_nano.a(lib_a-malloc.o) (_free_r)
c:/arm_gcc/bin/../lib/gcc/arm-none-eabi/9.2.1/../../../../arm-none-eabi/lib/thumb/v7-m/nofp\libc_nano.a(lib_a-nano-mallocr.o)
                              c:/arm_gcc/bin/../lib/gcc/arm-none-eabi/9.2.1/../../../../arm-none-eabi/lib/thumb/v7-m/nofp\libc_nano.a(lib_a-malloc.o) (_malloc_r)
c:/arm_gcc/bin/../lib/gcc/arm-none-eabi/9.2.1/../../../../arm-none-eabi/lib/thumb/v7-m/nofp\libc_nano.a(lib_a-nano-vfprintf_float.o)
                              (_printf_float)
c:/arm_gcc/bin/../lib/gcc/arm-none-eabi/9.2.1/../../../../arm-none-eabi/lib/thumb/v7-m/nofp\libc_nano.a(lib_a-nano-vfprintf_i.o)
                              c:/arm_gcc/bin/../lib/gcc/arm-none-eabi/9.2.1/../../../../arm-none-eabi/lib/thumb/v7-m/nofp\libc_nano.a(lib_a-nano-vfprintf_float.o) (_printf_common)
c:/arm_gcc/bin/../lib/gcc/arm-none-eabi/9.2.1/../../../../arm-none-eabi/lib/thumb/v7-m/nofp\libc_nano.a(lib_a-sbrkr.o)
                              c:/arm_gcc/bin/../lib/gcc/arm-none-eabi/9.2.1/../../../../arm-none-eabi/lib/thumb/v7-m/nofp\libc_nano.a(lib_a-nano-mallocr.o) (_sbrk_r)
c:/arm_gcc/bin/../lib/gcc/arm-none-eabi/9.2.1/../../../../arm-none-eabi/lib/thumb/v7-m/nofp\libc_nano.a(lib_a-strlen.o)
                              c:/arm_gcc/bin/../lib/gcc/arm-none-eabi/9.2.1/../../../../arm-none-eabi/lib/thumb/v7-m/nofp\libc_nano.a(lib_a-nano-vfprintf_float.o) (strlen)
c:/arm_gcc/bin/../lib/gcc/arm-none-eabi/9.2.1/../../../../arm-none-eabi/lib/thumb/v7-m/nofp\libc_nano.a(lib_a-dtoa.o)
                              c:/arm_gcc/bin/../lib/gcc/arm-none-eabi/9.2.1/../../../../arm-none-eabi/lib/thumb/v7-m/nofp\libc_nano.a(lib_a-nano-vfprintf_float.o) (_dtoa_r)
c:/arm_gcc/bin/../lib/gcc/arm-none-eabi/9.2.1/../../../../arm-none-eabi/lib/thumb/v7-m/nofp\libc_nano.a(lib_a-localeconv.o)
                              c:/arm_gcc/bin/../lib/gcc/arm-none-eabi/9.2.1/../../../../arm-none-eabi/lib/thumb/v7-m/nofp\libc_nano.a(lib_a-nano-vfprintf_float.o) (_localeconv_r)
c:/arm_gcc/bin/../lib/gcc/arm-none-eabi/9.2.1/../../../../arm-none-eabi/lib/thumb/v7-m/nofp\libc_nano.a(lib_a-memchr-stub.o)
                              c:/arm_gcc/bin/../lib/gcc/arm-none-eabi/9.2.1/../../../../arm-none-eabi/lib/thumb/v7-m/nofp\libc_nano.a(lib_a-nano-vfprintf_i.o) (memchr)
c:/arm_gcc/bin/../lib/gcc/arm-none-eabi/9.2.1/../../../../arm-none-eabi/lib/thumb/v7-m/nofp\libc_nano.a(lib_a-mlock.o)
                              c:/arm_gcc/bin/../lib/gcc/arm-none-eabi/9.2.1/../../../../arm-none-eabi/lib/thumb/v7-m/nofp\libc_nano.a(lib_a-nano-freer.o) (__malloc_lock)
c:/arm_gcc/bin/../lib/gcc/arm-none-eabi/9.2.1/../../../../arm-none-eabi/lib/thumb/v7-m/nofp\libc_nano.a(lib_a-mprec.o)
                              c:/arm_gcc/bin/../lib/gcc/arm-none-eabi/9.2.1/../../../../arm-none-eabi/lib/thumb/v7-m/nofp\libc_nano.a(lib_a-dtoa.o) (_Balloc)
c:/arm_gcc/bin/../lib/gcc/arm-none-eabi/9.2.1/../../../../arm-none-eabi/lib/thumb/v7-m/nofp\libc_nano.a(lib_a-nano-callocr.o)
                              c:/arm_gcc/bin/../lib/gcc/arm-none-eabi/9.2.1/../../../../arm-none-eabi/lib/thumb/v7-m/nofp\libc_nano.a(lib_a-mprec.o) (_calloc_r)
[...]
Memory Configuration

Name             Origin             Length             Attributes
RAM              0x20000000         0x0000c000         xrw
FLASH            0x08000000         0x00040000         xr
*default*        0x00000000         0xffffffff

Linker script and memory map

LOAD c:/arm_gcc/bin/../lib/gcc/arm-none-eabi/9.2.1/thumb/v7-m/nofp/crti.o
LOAD c:/arm_gcc/bin/../lib/gcc/arm-none-eabi/9.2.1/thumb/v7-m/nofp/crtbegin.o
LOAD c:/arm_gcc/bin/../lib/gcc/arm-none-eabi/9.2.1/../../../../arm-none-eabi/lib/thumb/v7-m/nofp/crt0.o
LOAD build/main.o
LOAD build/gpio.o
LOAD build/adc.o
LOAD build/dma.o
LOAD build/i2c.o
LOAD build/spi.o
LOAD build/usart.o
LOAD build/stm32f1xx_it.o
LOAD build/stm32f1xx_hal_msp.o
LOAD build/nrf24l01.o
LOAD build/stm32f1xx_hal_gpio_ex.o
LOAD build/stm32f1xx_hal_adc.o
LOAD build/stm32f1xx_hal_adc_ex.o
LOAD build/stm32f1xx_hal.o
LOAD build/stm32f1xx_hal_rcc.o
LOAD build/stm32f1xx_hal_rcc_ex.o
LOAD build/stm32f1xx_hal_gpio.o
LOAD build/stm32f1xx_hal_dma.o
LOAD build/stm32f1xx_hal_cortex.o
LOAD build/stm32f1xx_hal_pwr.o
LOAD build/stm32f1xx_hal_flash.o
LOAD build/stm32f1xx_hal_flash_ex.o
LOAD build/stm32f1xx_hal_exti.o
LOAD build/stm32f1xx_hal_i2c.o
LOAD build/stm32f1xx_hal_spi.o
LOAD build/stm32f1xx_hal_tim.o
LOAD build/stm32f1xx_hal_tim_ex.o
LOAD build/stm32f1xx_hal_uart.o
LOAD build/system_stm32f1xx.o
LOAD build/startup_stm32f103xe.o
LOAD c:/arm_gcc/bin/../lib/gcc/arm-none-eabi/9.2.1/../../../../arm-none-eabi/lib/thumb/v7-m/nofp\libc_nano.a
LOAD c:/arm_gcc/bin/../lib/gcc/arm-none-eabi/9.2.1/../../../../arm-none-eabi/lib/thumb/v7-m/nofp\libm.a
LOAD c:/arm_gcc/bin/../lib/gcc/arm-none-eabi/9.2.1/../../../../arm-none-eabi/lib/thumb/v7-m/nofp\libnosys.a
LOAD c:/arm_gcc/bin/../lib/gcc/arm-none-eabi/9.2.1/../../../../arm-none-eabi/lib/thumb/v7-m/nofp\librdimon_nano.a
START GROUP
LOAD c:/arm_gcc/bin/../lib/gcc/arm-none-eabi/9.2.1/thumb/v7-m/nofp\libgcc.a
LOAD c:/arm_gcc/bin/../lib/gcc/arm-none-eabi/9.2.1/../../../../arm-none-eabi/lib/thumb/v7-m/nofp\libc_nano.a
END GROUP
START GROUP
LOAD c:/arm_gcc/bin/../lib/gcc/arm-none-eabi/9.2.1/thumb/v7-m/nofp\libgcc.a
LOAD c:/arm_gcc/bin/../lib/gcc/arm-none-eabi/9.2.1/../../../../arm-none-eabi/lib/thumb/v7-m/nofp\libc_nano.a
END GROUP
LOAD c:/arm_gcc/bin/../lib/gcc/arm-none-eabi/9.2.1/thumb/v7-m/nofp/crtend.o
LOAD c:/arm_gcc/bin/../lib/gcc/arm-none-eabi/9.2.1/thumb/v7-m/nofp/crtn.o
                0x2000c000                _estack = 0x2000c000
                0x00000200                _Min_Heap_Size = 0x200
                0x00000400                _Min_Stack_Size = 0x400

.isr_vector     0x08000000      0x1e4
                0x08000000                . = ALIGN (0x4)
 *(.isr_vector)
 .isr_vector    0x08000000      0x1e4 build/startup_stm32f103xe.o
                0x08000000                g_pfnVectors
                0x080001e4                . = ALIGN (0x4)

.text           0x080001e8     0x51d4
                0x080001e8                . = ALIGN (0x4)
 *(.text)
 .text          0x080001e8       0x40 c:/arm_gcc/bin/../lib/gcc/arm-none-eabi/9.2.1/thumb/v7-m/nofp/crtbegin.o
 .text          0x08000228       0x10 c:/arm_gcc/bin/../lib/gcc/arm-none-eabi/9.2.1/../../../../arm-none-eabi/lib/thumb/v7-m/nofp\libc_nano.a(lib_a-strlen.o)
                0x08000228                strlen
 .text          0x08000238      0x378 c:/arm_gcc/bin/../lib/gcc/arm-none-eabi/9.2.1/thumb/v7-m/nofp\libgcc.a(_arm_addsubdf3.o)
                0x08000238                __aeabi_drsub
                0x08000240                __aeabi_dsub
                0x08000240                __subdf3
                0x08000244                __aeabi_dadd
                0x08000244                __adddf3
                0x080004bc                __floatunsidf
                0x080004bc                __aeabi_ui2d
                0x080004dc                __floatsidf
                0x080004dc                __aeabi_i2d
                0x08000500                __aeabi_f2d
                0x08000500                __extendsfdf2
                0x08000544                __floatundidf
                0x08000544                __aeabi_ul2d
                0x08000554                __floatdidf
                0x08000554                __aeabi_l2d
 .text          0x080005b0      0x424 c:/arm_gcc/bin/../lib/gcc/arm-none-eabi/9.2.1/thumb/v7-m/nofp\libgcc.a(_arm_muldivdf3.o)
                0x080005b0                __aeabi_dmul
                0x080005b0                __muldf3
                0x08000804                __divdf3
                0x08000804                __aeabi_ddiv
 .text          0x080009d4      0x110 c:/arm_gcc/bin/../lib/gcc/arm-none-eabi/9.2.1/thumb/v7-m/nofp\libgcc.a(_arm_cmpdf2.o)
                0x080009d4                __gtdf2
                0x080009d4                __gedf2
                0x080009dc                __ltdf2
                0x080009dc                __ledf2
                0x080009e4                __nedf2
                0x080009e4                __eqdf2
                0x080009e4                __cmpdf2
                0x08000a60                __aeabi_cdrcmple
                0x08000a70                __aeabi_cdcmpeq
                0x08000a70                __aeabi_cdcmple
                0x08000a80                __aeabi_dcmpeq
                0x08000a94                __aeabi_dcmplt
                0x08000aa8                __aeabi_dcmple
                0x08000abc                __aeabi_dcmpge
                0x08000ad0                __aeabi_dcmpgt
 .text          0x08000ae4       0x2c c:/arm_gcc/bin/../lib/gcc/arm-none-eabi/9.2.1/thumb/v7-m/nofp\libgcc.a(_arm_unorddf2.o)
                0x08000ae4                __unorddf2
                0x08000ae4                __aeabi_dcmpun
 .text          0x08000b10       0x50 c:/arm_gcc/bin/../lib/gcc/arm-none-eabi/9.2.1/thumb/v7-m/nofp\libgcc.a(_arm_fixdfsi.o)
                0x08000b10                __aeabi_d2iz
                0x08000b10                __fixdfsi
 *(.text*)
 .text.HAL_GPIO_EXTI_Callback
                0x08000b60       0x14 build/main.o
                0x08000b60                HAL_GPIO_EXTI_Callback
 .text.SystemClock_Config
                0x08000b74       0x6c build/main.o
                0x08000b74                SystemClock_Config
 .text.main     0x08000be0       0x58 build/main.o
                0x08000be0                main
 .text.Ms_Handler
                0x08000c38        0x2 build/main.o
                0x08000c38                Ms_Handler
 *fill*         0x08000c3a        0x2 
 .text.HAL_ADC_ConvCpltCallback
                0x08000c3c       0x4c build/main.o
                0x08000c3c                HAL_ADC_ConvCpltCallback
 .text.Error_Handler
                0x08000c88        0x2 build/main.o
                0x08000c88                Error_Handler
 *fill*         0x08000c8a        0x2 
 .text.MX_GPIO_Init
                0x08000c8c      0x15c build/gpio.o
                0x08000c8c                MX_GPIO_Init
 .text.MX_ADC1_Init
                0x08000de8       0xc0 build/adc.o
                0x08000de8                MX_ADC1_Init
 .text.HAL_ADC_MspInit
                0x08000ea8       0xe4 build/adc.o
                0x08000ea8                HAL_ADC_MspInit
 .text.MX_DMA_Init
                0x08000f8c       0x54 build/dma.o
                0x08000f8c                MX_DMA_Init
 .text.MX_I2C1_Init
                0x08000fe0       0x3c build/i2c.o
                0x08000fe0                MX_I2C1_Init
 .text.HAL_I2C_MspInit
                0x0800101c       0x64 build/i2c.o
                0x0800101c                HAL_I2C_MspInit
 .text.MX_SPI2_Init
                0x08001080       0x40 build/spi.o
                0x08001080                MX_SPI2_Init
 .text.HAL_SPI_MspInit
                0x080010c0       0x78 build/spi.o
                0x080010c0                HAL_SPI_MspInit
 .text.MX_USART1_UART_Init
                0x08001138       0x34 build/usart.o
                0x08001138                MX_USART1_UART_Init
 .text.HAL_UART_MspInit
                0x0800116c       0xf8 build/usart.o
                0x0800116c                HAL_UART_MspInit
 .text.NMI_Handler
                0x08001264        0x2 build/stm32f1xx_it.o
                0x08001264                NMI_Handler
 .text.HardFault_Handler
                0x08001266        0x2 build/stm32f1xx_it.o
                0x08001266                HardFault_Handler
 .text.MemManage_Handler
                0x08001268        0x2 build/stm32f1xx_it.o
                0x08001268                MemManage_Handler
 .text.BusFault_Handler
                0x0800126a        0x2 build/stm32f1xx_it.o
                0x0800126a                BusFault_Handler
 .text.UsageFault_Handler
                0x0800126c        0x2 build/stm32f1xx_it.o
                0x0800126c                UsageFault_Handler
 .text.SVC_Handler
                0x0800126e        0x2 build/stm32f1xx_it.o
                0x0800126e                SVC_Handler
 .text.DebugMon_Handler
                0x08001270        0x2 build/stm32f1xx_it.o
                0x08001270                DebugMon_Handler
 .text.PendSV_Handler
                0x08001272        0x2 build/stm32f1xx_it.o
                0x08001272                PendSV_Handler
 .text.SysTick_Handler
                0x08001274        0xc build/stm32f1xx_it.o
                0x08001274                SysTick_Handler
 .text.DMA1_Channel1_IRQHandler
                0x08001280       0x10 build/stm32f1xx_it.o
                0x08001280                DMA1_Channel1_IRQHandler
 .text.DMA1_Channel4_IRQHandler
                0x08001290       0x10 build/stm32f1xx_it.o
                0x08001290                DMA1_Channel4_IRQHandler
 .text.DMA1_Channel5_IRQHandler
                0x080012a0       0x10 build/stm32f1xx_it.o
                0x080012a0                DMA1_Channel5_IRQHandler
 .text.USART1_IRQHandler
                0x080012b0       0x10 build/stm32f1xx_it.o
                0x080012b0                USART1_IRQHandler
 .text.EXTI0_IRQHandler
                0x080012c0        0xa build/stm32f1xx_it.o
                0x080012c0                EXTI0_IRQHandler
 .text.EXTI1_IRQHandler
                0x080012ca        0xa build/stm32f1xx_it.o
                0x080012ca                EXTI1_IRQHandler
 .text.EXTI2_IRQHandler
                0x080012d4        0xa build/stm32f1xx_it.o
                0x080012d4                EXTI2_IRQHandler
 .text.EXTI3_IRQHandler
                0x080012de        0xa build/stm32f1xx_it.o
                0x080012de                EXTI3_IRQHandler
 .text.EXTI9_5_IRQHandler
                0x080012e8       0x28 build/stm32f1xx_it.o
                0x080012e8                EXTI9_5_IRQHandler
 .text.HAL_MspInit
                0x08001310       0x44 build/stm32f1xx_hal_msp.o
                0x08001310                HAL_MspInit
 .text.NRF_Set_GPIO
                0x08001354       0x3c build/nrf24l01.o
 .text.NRF_Read_Reg
                0x08001390       0x5c build/nrf24l01.o
                0x08001390                NRF_Read_Reg
 .text.NRF_Write_Reg
                0x080013ec       0x50 build/nrf24l01.o
                0x080013ec                NRF_Write_Reg
 .text.NRF_Set_Mode
                0x0800143c       0x1c build/nrf24l01.o
 .text.NRF_Read_Bytes
                0x08001458       0x6c build/nrf24l01.o
                0x08001458                NRF_Read_Bytes
 .text.NRF_Write_Bytes
                0x080014c4       0x7c build/nrf24l01.o
                0x080014c4                NRF_Write_Bytes
 .text.NRF_Set_Tx_Addr
                0x08001540       0x16 build/nrf24l01.o
                0x08001540                NRF_Set_Tx_Addr
 .text.NRF_Set_Rx_Addr
                0x08001556       0x4a build/nrf24l01.o
                0x08001556                NRF_Set_Rx_Addr
 .text.NRF_Init
                0x080015a0       0xd8 build/nrf24l01.o
                0x080015a0                NRF_Init
 .text.NRF_Install_TX_Data
                0x08001678       0x14 build/nrf24l01.o
                0x08001678                NRF_Install_TX_Data
 .text.NRF_Send_Callback
                0x0800168c        0x2 build/nrf24l01.o
                0x0800168c                NRF_Send_Callback
 *fill*         0x0800168e        0x2 
 .text.NRF_Send_Message
                0x08001690       0x60 build/nrf24l01.o
                0x08001690                NRF_Send_Message
 .text.ADC_DMAConvCplt
                0x080016f0       0x52 build/stm32f1xx_hal_adc.o
                0x080016f0                ADC_DMAConvCplt
 .text.HAL_ADC_ConvHalfCpltCallback
                0x08001742        0x2 build/stm32f1xx_hal_adc.o
                0x08001742                HAL_ADC_ConvHalfCpltCallback
 .text.ADC_DMAHalfConvCplt
                0x08001744        0xa build/stm32f1xx_hal_adc.o
                0x08001744                ADC_DMAHalfConvCplt
 .text.HAL_ADC_ErrorCallback
                0x0800174e        0x2 build/stm32f1xx_hal_adc.o
                0x0800174e                HAL_ADC_ErrorCallback
 .text.ADC_DMAError
                0x08001750       0x1a build/stm32f1xx_hal_adc.o
                0x08001750                ADC_DMAError
 *fill*         0x0800176a        0x2 
 .text.HAL_ADC_ConfigChannel
                0x0800176c      0x138 build/stm32f1xx_hal_adc.o
                0x0800176c                HAL_ADC_ConfigChannel
 .text.ADC_Enable
                0x080018a4       0x7c build/stm32f1xx_hal_adc.o
                0x080018a4                ADC_Enable
 .text.HAL_ADC_Start_DMA
                0x08001920      0x130 build/stm32f1xx_hal_adc.o
                0x08001920                HAL_ADC_Start_DMA
 .text.ADC_ConversionStop_Disable
                0x08001a50       0x4c build/stm32f1xx_hal_adc.o
                0x08001a50                ADC_ConversionStop_Disable
 .text.HAL_ADC_Init
                0x08001a9c      0x124 build/stm32f1xx_hal_adc.o
                0x08001a9c                HAL_ADC_Init
 .text.HAL_InitTick
                0x08001bc0       0x4c build/stm32f1xx_hal.o
                0x08001bc0                HAL_InitTick
 .text.HAL_Init
                0x08001c0c       0x24 build/stm32f1xx_hal.o
                0x08001c0c                HAL_Init
 .text.HAL_IncTick
                0x08001c30       0x18 build/stm32f1xx_hal.o
                0x08001c30                HAL_IncTick
 .text.HAL_GetTick
                0x08001c48        0xc build/stm32f1xx_hal.o
                0x08001c48                HAL_GetTick
 .text.HAL_Delay
                0x08001c54       0x28 build/stm32f1xx_hal.o
                0x08001c54                HAL_Delay
 .text.RCC_Delay
                0x08001c7c       0x2c build/stm32f1xx_hal_rcc.o
 .text.HAL_RCC_OscConfig
                0x08001ca8      0x410 build/stm32f1xx_hal_rcc.o
                0x08001ca8                HAL_RCC_OscConfig
 .text.HAL_RCC_GetSysClockFreq
                0x080020b8       0x6c build/stm32f1xx_hal_rcc.o
                0x080020b8                HAL_RCC_GetSysClockFreq
 .text.HAL_RCC_ClockConfig
                0x08002124      0x16c build/stm32f1xx_hal_rcc.o
                0x08002124                HAL_RCC_ClockConfig
 .text.HAL_RCC_GetHCLKFreq
                0x08002290        0xc build/stm32f1xx_hal_rcc.o
                0x08002290                HAL_RCC_GetHCLKFreq
 .text.HAL_RCC_GetPCLK1Freq
                0x0800229c       0x20 build/stm32f1xx_hal_rcc.o
                0x0800229c                HAL_RCC_GetPCLK1Freq
 .text.HAL_RCC_GetPCLK2Freq
                0x080022bc       0x20 build/stm32f1xx_hal_rcc.o
                0x080022bc                HAL_RCC_GetPCLK2Freq
 .text.HAL_RCCEx_PeriphCLKConfig
                0x080022dc      0x114 build/stm32f1xx_hal_rcc_ex.o
                0x080022dc                HAL_RCCEx_PeriphCLKConfig
 .text.HAL_GPIO_Init
                0x080023f0      0x238 build/stm32f1xx_hal_gpio.o
                0x080023f0                HAL_GPIO_Init
 .text.HAL_GPIO_ReadPin
                0x08002628        0xe build/stm32f1xx_hal_gpio.o
                0x08002628                HAL_GPIO_ReadPin
 .text.HAL_GPIO_WritePin
                0x08002636        0xc build/stm32f1xx_hal_gpio.o
                0x08002636                HAL_GPIO_WritePin
 *fill*         0x08002642        0x2 
 .text.HAL_GPIO_EXTI_IRQHandler
                0x08002644       0x1c build/stm32f1xx_hal_gpio.o
                0x08002644                HAL_GPIO_EXTI_IRQHandler
 .text.DMA_SetConfig
                0x08002660       0x2c build/stm32f1xx_hal_dma.o
 .text.HAL_DMA_Init
                0x0800268c       0x98 build/stm32f1xx_hal_dma.o
                0x0800268c                HAL_DMA_Init
 .text.HAL_DMA_Start_IT
                0x08002724       0x74 build/stm32f1xx_hal_dma.o
                0x08002724                HAL_DMA_Start_IT
 .text.HAL_DMA_Abort_IT
                0x08002798      0x168 build/stm32f1xx_hal_dma.o
                0x08002798                HAL_DMA_Abort_IT
 .text.HAL_DMA_IRQHandler
                0x08002900      0x2ec build/stm32f1xx_hal_dma.o
                0x08002900                HAL_DMA_IRQHandler
 .text.HAL_NVIC_SetPriorityGrouping
                0x08002bec       0x24 build/stm32f1xx_hal_cortex.o
                0x08002bec                HAL_NVIC_SetPriorityGrouping
 .text.HAL_NVIC_SetPriority
                0x08002c10       0x68 build/stm32f1xx_hal_cortex.o
                0x08002c10                HAL_NVIC_SetPriority
 .text.HAL_NVIC_EnableIRQ
                0x08002c78       0x1c build/stm32f1xx_hal_cortex.o
                0x08002c78                HAL_NVIC_EnableIRQ
 .text.HAL_SYSTICK_Config
                0x08002c94       0x2c build/stm32f1xx_hal_cortex.o
                0x08002c94                HAL_SYSTICK_Config
 .text.HAL_I2C_Init
                0x08002cc0      0x1bc build/stm32f1xx_hal_i2c.o
                0x08002cc0                HAL_I2C_Init
 .text.SPI_WaitFlagStateUntilTimeout
                0x08002e7c       0xd0 build/stm32f1xx_hal_spi.o
 .text.SPI_EndRxTxTransaction
                0x08002f4c       0x24 build/stm32f1xx_hal_spi.o
 .text.HAL_SPI_Init
                0x08002f70       0xb6 build/stm32f1xx_hal_spi.o
                0x08002f70                HAL_SPI_Init
 .text.HAL_SPI_Transmit
                0x08003026      0x1ae build/stm32f1xx_hal_spi.o
                0x08003026                HAL_SPI_Transmit
 .text.HAL_SPI_TransmitReceive
                0x080031d4      0x238 build/stm32f1xx_hal_spi.o
                0x080031d4                HAL_SPI_TransmitReceive
 .text.UART_EndRxTransfer
                0x0800340c       0x1c build/stm32f1xx_hal_uart.o
 .text.UART_Transmit_IT
                0x08003428       0x60 build/stm32f1xx_hal_uart.o
 .text.UART_SetConfig
                0x08003488       0x90 build/stm32f1xx_hal_uart.o
 .text.HAL_UART_Init
                0x08003518       0x5e build/stm32f1xx_hal_uart.o
                0x08003518                HAL_UART_Init
 .text.HAL_UART_TxCpltCallback
                0x08003576        0x2 build/stm32f1xx_hal_uart.o
                0x08003576                HAL_UART_TxCpltCallback
 .text.UART_EndTransmit_IT
                0x08003578       0x1a build/stm32f1xx_hal_uart.o
 .text.HAL_UART_RxCpltCallback
                0x08003592        0x2 build/stm32f1xx_hal_uart.o
                0x08003592                HAL_UART_RxCpltCallback
 .text.UART_Receive_IT
                0x08003594       0x94 build/stm32f1xx_hal_uart.o
 .text.HAL_UART_ErrorCallback
                0x08003628        0x2 build/stm32f1xx_hal_uart.o
                0x08003628                HAL_UART_ErrorCallback
 *fill*         0x0800362a        0x2 
 .text.HAL_UART_IRQHandler
                0x0800362c      0x128 build/stm32f1xx_hal_uart.o
                0x0800362c                HAL_UART_IRQHandler
 .text.UART_DMAAbortOnError
                0x08003754       0x10 build/stm32f1xx_hal_uart.o
 .text.SystemInit
                0x08003764        0x2 build/system_stm32f1xx.o
                0x08003764                SystemInit
 *fill*         0x08003766        0x2 
 .text.Reset_Handler
                0x08003768       0x48 build/startup_stm32f103xe.o
                0x08003768                Reset_Handler
 .text.Default_Handler
                0x080037b0        0x2 build/startup_stm32f103xe.o
                0x080037b0                RTC_Alarm_IRQHandler
                0x080037b0                TIM8_TRG_COM_IRQHandler
                0x080037b0                TIM8_CC_IRQHandler
                0x080037b0                TIM1_CC_IRQHandler
                0x080037b0                TIM6_IRQHandler
                0x080037b0                PVD_IRQHandler
                0x080037b0                SDIO_IRQHandler
                0x080037b0                I2C2_EV_IRQHandler
                0x080037b0                ADC1_2_IRQHandler
                0x080037b0                SPI1_IRQHandler
                0x080037b0                TAMPER_IRQHandler
                0x080037b0                TIM8_UP_IRQHandler
                0x080037b0                DMA2_Channel2_IRQHandler
                0x080037b0                USART3_IRQHandler
                0x080037b0                RTC_IRQHandler
                0x080037b0                DMA1_Channel7_IRQHandler
                0x080037b0                CAN1_RX1_IRQHandler
                0x080037b0                UART5_IRQHandler
                0x080037b0                ADC3_IRQHandler
                0x080037b0                TIM4_IRQHandler
                0x080037b0                DMA2_Channel1_IRQHandler
                0x080037b0                I2C1_EV_IRQHandler
                0x080037b0                DMA1_Channel6_IRQHandler
                0x080037b0                UART4_IRQHandler
                0x080037b0                TIM3_IRQHandler
                0x080037b0                RCC_IRQHandler
                0x080037b0                TIM1_TRG_COM_IRQHandler
                0x080037b0                Default_Handler
                0x080037b0                EXTI15_10_IRQHandler
                0x080037b0                TIM7_IRQHandler
                0x080037b0                TIM5_IRQHandler
                0x080037b0                SPI2_IRQHandler
                0x080037b0                EXTI4_IRQHandler
                0x080037b0                USB_LP_CAN1_RX0_IRQHandler
                0x080037b0                USB_HP_CAN1_TX_IRQHandler
                0x080037b0                DMA1_Channel3_IRQHandler
                0x080037b0                FSMC_IRQHandler
                0x080037b0                TIM1_UP_IRQHandler
                0x080037b0                WWDG_IRQHandler
                0x080037b0                TIM2_IRQHandler
                0x080037b0                TIM1_BRK_IRQHandler
                0x080037b0                DMA2_Channel4_5_IRQHandler
                0x080037b0                USART2_IRQHandler
                0x080037b0                I2C2_ER_IRQHandler
                0x080037b0                DMA1_Channel2_IRQHandler
                0x080037b0                TIM8_BRK_IRQHandler
                0x080037b0                CAN1_SCE_IRQHandler
                0x080037b0                FLASH_IRQHandler
                0x080037b0                SPI3_IRQHandler
                0x080037b0                I2C1_ER_IRQHandler
                0x080037b0                USBWakeUp_IRQHandler
                0x080037b0                DMA2_Channel3_IRQHandler
 *fill*         0x080037b2        0x2 
 .text.__libc_init_array
                0x080037b4       0x48 c:/arm_gcc/bin/../lib/gcc/arm-none-eabi/9.2.1/../../../../arm-none-eabi/lib/thumb/v7-m/nofp\libc_nano.a(lib_a-init.o)
                0x080037b4                __libc_init_array
 .text.malloc   0x080037fc       0x10 c:/arm_gcc/bin/../lib/gcc/arm-none-eabi/9.2.1/../../../../arm-none-eabi/lib/thumb/v7-m/nofp\libc_nano.a(lib_a-malloc.o)
                0x080037fc                malloc
 .text.free     0x0800380c       0x10 c:/arm_gcc/bin/../lib/gcc/arm-none-eabi/9.2.1/../../../../arm-none-eabi/lib/thumb/v7-m/nofp\libc_nano.a(lib_a-malloc.o)
                0x0800380c                free
 .text.memcpy   0x0800381c       0x1c c:/arm_gcc/bin/../lib/gcc/arm-none-eabi/9.2.1/../../../../arm-none-eabi/lib/thumb/v7-m/nofp\libc_nano.a(lib_a-memcpy-stub.o)
                0x0800381c                memcpy
 .text.memset   0x08003838       0x10 c:/arm_gcc/bin/../lib/gcc/arm-none-eabi/9.2.1/../../../../arm-none-eabi/lib/thumb/v7-m/nofp\libc_nano.a(lib_a-memset.o)
                0x08003838                memset
 .text._free_r  0x08003848       0x98 c:/arm_gcc/bin/../lib/gcc/arm-none-eabi/9.2.1/../../../../arm-none-eabi/lib/thumb/v7-m/nofp\libc_nano.a(lib_a-nano-freer.o)
                0x08003848                _free_r
 .text._malloc_r
                0x080038e0       0xb4 c:/arm_gcc/bin/../lib/gcc/arm-none-eabi/9.2.1/../../../../arm-none-eabi/lib/thumb/v7-m/nofp\libc_nano.a(lib_a-nano-mallocr.o)
                0x080038e0                _malloc_r
 .text.__cvt    0x08003994       0xbe c:/arm_gcc/bin/../lib/gcc/arm-none-eabi/9.2.1/../../../../arm-none-eabi/lib/thumb/v7-m/nofp\libc_nano.a(lib_a-nano-vfprintf_float.o)
                0x08003994                __cvt
 .text.__exponent
                0x08003a52       0x7c c:/arm_gcc/bin/../lib/gcc/arm-none-eabi/9.2.1/../../../../arm-none-eabi/lib/thumb/v7-m/nofp\libc_nano.a(lib_a-nano-vfprintf_float.o)
                0x08003a52                __exponent
 *fill*         0x08003ace        0x2 
 .text._printf_float
                0x08003ad0      0x458 c:/arm_gcc/bin/../lib/gcc/arm-none-eabi/9.2.1/../../../../arm-none-eabi/lib/thumb/v7-m/nofp\libc_nano.a(lib_a-nano-vfprintf_float.o)
                0x08003ad0                _printf_float
 .text._printf_common
                0x08003f28       0xde c:/arm_gcc/bin/../lib/gcc/arm-none-eabi/9.2.1/../../../../arm-none-eabi/lib/thumb/v7-m/nofp\libc_nano.a(lib_a-nano-vfprintf_i.o)
                0x08003f28                _printf_common
 *fill*         0x08004006        0x2 
 .text._sbrk_r  0x08004008       0x20 c:/arm_gcc/bin/../lib/gcc/arm-none-eabi/9.2.1/../../../../arm-none-eabi/lib/thumb/v7-m/nofp\libc_nano.a(lib_a-sbrkr.o)
                0x08004008                _sbrk_r
 .text.quorem   0x08004028      0x11a c:/arm_gcc/bin/../lib/gcc/arm-none-eabi/9.2.1/../../../../arm-none-eabi/lib/thumb/v7-m/nofp\libc_nano.a(lib_a-dtoa.o)
 *fill*         0x08004142        0x6 
 .text._dtoa_r  0x08004148      0xba4 c:/arm_gcc/bin/../lib/gcc/arm-none-eabi/9.2.1/../../../../arm-none-eabi/lib/thumb/v7-m/nofp\libc_nano.a(lib_a-dtoa.o)
                0x08004148                _dtoa_r
 .text._localeconv_r
                0x08004cec        0x8 c:/arm_gcc/bin/../lib/gcc/arm-none-eabi/9.2.1/../../../../arm-none-eabi/lib/thumb/v7-m/nofp\libc_nano.a(lib_a-localeconv.o)
                0x08004cec                _localeconv_r
 .text.__malloc_lock
                0x08004cf4        0xc c:/arm_gcc/bin/../lib/gcc/arm-none-eabi/9.2.1/../../../../arm-none-eabi/lib/thumb/v7-m/nofp\libc_nano.a(lib_a-mlock.o)
                0x08004cf4                __malloc_lock
 .text.__malloc_unlock
                0x08004d00        0xc c:/arm_gcc/bin/../lib/gcc/arm-none-eabi/9.2.1/../../../../arm-none-eabi/lib/thumb/v7-m/nofp\libc_nano.a(lib_a-mlock.o)
                0x08004d00                __malloc_unlock
 .text._Balloc  0x08004d0c       0x68 c:/arm_gcc/bin/../lib/gcc/arm-none-eabi/9.2.1/../../../../arm-none-eabi/lib/thumb/v7-m/nofp\libc_nano.a(lib_a-mprec.o)
                0x08004d0c                _Balloc
 .text._Bfree   0x08004d74       0x2e c:/arm_gcc/bin/../lib/gcc/arm-none-eabi/9.2.1/../../../../arm-none-eabi/lib/thumb/v7-m/nofp\libc_nano.a(lib_a-mprec.o)
                0x08004d74                _Bfree
 .text.__multadd
                0x08004da2       0x7c c:/arm_gcc/bin/../lib/gcc/arm-none-eabi/9.2.1/../../../../arm-none-eabi/lib/thumb/v7-m/nofp\libc_nano.a(lib_a-mprec.o)
                0x08004da2                __multadd
 .text.__hi0bits
                0x08004e1e       0x40 c:/arm_gcc/bin/../lib/gcc/arm-none-eabi/9.2.1/../../../../arm-none-eabi/lib/thumb/v7-m/nofp\libc_nano.a(lib_a-mprec.o)
                0x08004e1e                __hi0bits
 .text.__lo0bits
                0x08004e5e       0x5c c:/arm_gcc/bin/../lib/gcc/arm-none-eabi/9.2.1/../../../../arm-none-eabi/lib/thumb/v7-m/nofp\libc_nano.a(lib_a-mprec.o)
                0x08004e5e                __lo0bits
 .text.__i2b    0x08004eba       0x12 c:/arm_gcc/bin/../lib/gcc/arm-none-eabi/9.2.1/../../../../arm-none-eabi/lib/thumb/v7-m/nofp\libc_nano.a(lib_a-mprec.o)
                0x08004eba                __i2b
 .text.__multiply
                0x08004ecc      0x136 c:/arm_gcc/bin/../lib/gcc/arm-none-eabi/9.2.1/../../../../arm-none-eabi/lib/thumb/v7-m/nofp\libc_nano.a(lib_a-mprec.o)
                0x08004ecc                __multiply
 *fill*         0x08005002        0x2 
 .text.__pow5mult
                0x08005004       0x9c c:/arm_gcc/bin/../lib/gcc/arm-none-eabi/9.2.1/../../../../arm-none-eabi/lib/thumb/v7-m/nofp\libc_nano.a(lib_a-mprec.o)
                0x08005004                __pow5mult
 .text.__lshift
                0x080050a0       0xbe c:/arm_gcc/bin/../lib/gcc/arm-none-eabi/9.2.1/../../../../arm-none-eabi/lib/thumb/v7-m/nofp\libc_nano.a(lib_a-mprec.o)
                0x080050a0                __lshift
 .text.__mcmp   0x0800515e       0x36 c:/arm_gcc/bin/../lib/gcc/arm-none-eabi/9.2.1/../../../../arm-none-eabi/lib/thumb/v7-m/nofp\libc_nano.a(lib_a-mprec.o)
                0x0800515e                __mcmp
 .text.__mdiff  0x08005194       0xf8 c:/arm_gcc/bin/../lib/gcc/arm-none-eabi/9.2.1/../../../../arm-none-eabi/lib/thumb/v7-m/nofp\libc_nano.a(lib_a-mprec.o)
                0x08005194                __mdiff
 .text.__d2b    0x0800528c       0x9e c:/arm_gcc/bin/../lib/gcc/arm-none-eabi/9.2.1/../../../../arm-none-eabi/lib/thumb/v7-m/nofp\libc_nano.a(lib_a-mprec.o)
                0x0800528c                __d2b
 .text._calloc_r
                0x0800532a       0x1c c:/arm_gcc/bin/../lib/gcc/arm-none-eabi/9.2.1/../../../../arm-none-eabi/lib/thumb/v7-m/nofp\libc_nano.a(lib_a-nano-callocr.o)
                0x0800532a                _calloc_r
 .text.__retarget_lock_acquire_recursive
                0x08005346        0x2 c:/arm_gcc/bin/../lib/gcc/arm-none-eabi/9.2.1/../../../../arm-none-eabi/lib/thumb/v7-m/nofp\libc_nano.a(lib_a-lock.o)
                0x08005346                __retarget_lock_acquire_recursive
 .text.__retarget_lock_release_recursive
                0x08005348        0x2 c:/arm_gcc/bin/../lib/gcc/arm-none-eabi/9.2.1/../../../../arm-none-eabi/lib/thumb/v7-m/nofp\libc_nano.a(lib_a-lock.o)
                0x08005348                __retarget_lock_release_recursive
 .text.__ascii_mbtowc
                0x0800534a       0x24 c:/arm_gcc/bin/../lib/gcc/arm-none-eabi/9.2.1/../../../../arm-none-eabi/lib/thumb/v7-m/nofp\libc_nano.a(lib_a-mbtowc_r.o)
                0x0800534a                __ascii_mbtowc
 .text.__ascii_wctomb
                0x0800536e       0x1a c:/arm_gcc/bin/../lib/gcc/arm-none-eabi/9.2.1/../../../../arm-none-eabi/lib/thumb/v7-m/nofp\libc_nano.a(lib_a-wctomb_r.o)
                0x0800536e                __ascii_wctomb
 .text._sbrk    0x08005388       0x1c c:/arm_gcc/bin/../lib/gcc/arm-none-eabi/9.2.1/../../../../arm-none-eabi/lib/thumb/v7-m/nofp\libnosys.a(sbrk.o)
                0x08005388                _sbrk
 *(.glue_7)
 .glue_7        0x080053a4        0x0 linker stubs
 *(.glue_7t)
 .glue_7t       0x080053a4        0x0 linker stubs
 *(.eh_frame)
 .eh_frame      0x080053a4        0x0 c:/arm_gcc/bin/../lib/gcc/arm-none-eabi/9.2.1/thumb/v7-m/nofp/crtbegin.o
 *(.init)
 .init          0x080053a4        0x4 c:/arm_gcc/bin/../lib/gcc/arm-none-eabi/9.2.1/thumb/v7-m/nofp/crti.o
                0x080053a4                _init
 .init          0x080053a8        0x8 c:/arm_gcc/bin/../lib/gcc/arm-none-eabi/9.2.1/thumb/v7-m/nofp/crtn.o
 *(.fini)
 .fini          0x080053b0        0x4 c:/arm_gcc/bin/../lib/gcc/arm-none-eabi/9.2.1/thumb/v7-m/nofp/crti.o
                0x080053b0                _fini
 .fini          0x080053b4        0x8 c:/arm_gcc/bin/../lib/gcc/arm-none-eabi/9.2.1/thumb/v7-m/nofp/crtn.o
                0x080053bc                . = ALIGN (0x4)
                0x080053bc                _etext = .

.vfp11_veneer   0x080053bc        0x0
 .vfp11_veneer  0x080053bc        0x0 linker stubs

.v4_bx          0x080053bc        0x0
 .v4_bx         0x080053bc        0x0 linker stubs

.iplt           0x080053bc        0x0
 .iplt          0x080053bc        0x0 c:/arm_gcc/bin/../lib/gcc/arm-none-eabi/9.2.1/thumb/v7-m/nofp/crtbegin.o

.rodata         0x080053c0      0x258
                0x080053c0                . = ALIGN (0x4)
 *(.rodata)
 *(.rodata*)
 .rodata.HAL_RCC_GetSysClockFreq.str1.4
                0x080053c0       0x11 build/stm32f1xx_hal_rcc.o
 *fill*         0x080053d1        0x3 
 .rodata.AHBPrescTable
                0x080053d4       0x10 build/system_stm32f1xx.o
                0x080053d4                AHBPrescTable
 .rodata.APBPrescTable
                0x080053e4        0x8 build/system_stm32f1xx.o
                0x080053e4                APBPrescTable
 .rodata._printf_float.str1.1
                0x080053ec       0x12 c:/arm_gcc/bin/../lib/gcc/arm-none-eabi/9.2.1/../../../../arm-none-eabi/lib/thumb/v7-m/nofp\libc_nano.a(lib_a-nano-vfprintf_float.o)
 .rodata._dtoa_r.str1.1
                0x080053fe        0xd c:/arm_gcc/bin/../lib/gcc/arm-none-eabi/9.2.1/../../../../arm-none-eabi/lib/thumb/v7-m/nofp\libc_nano.a(lib_a-dtoa.o)
                                  0xf (size before relaxing)
 *fill*         0x0800540b        0x5 
 .rodata.__mprec_bigtens
                0x08005410       0x28 c:/arm_gcc/bin/../lib/gcc/arm-none-eabi/9.2.1/../../../../arm-none-eabi/lib/thumb/v7-m/nofp\libc_nano.a(lib_a-mprec.o)
                0x08005410                __mprec_bigtens
 .rodata.__mprec_tens
                0x08005438       0xc8 c:/arm_gcc/bin/../lib/gcc/arm-none-eabi/9.2.1/../../../../arm-none-eabi/lib/thumb/v7-m/nofp\libc_nano.a(lib_a-mprec.o)
                0x08005438                __mprec_tens
 .rodata.p05.6127
                0x08005500        0xc c:/arm_gcc/bin/../lib/gcc/arm-none-eabi/9.2.1/../../../../arm-none-eabi/lib/thumb/v7-m/nofp\libc_nano.a(lib_a-mprec.o)
 .rodata._setlocale_r.str1.1
                0x0800550c        0x8 c:/arm_gcc/bin/../lib/gcc/arm-none-eabi/9.2.1/../../../../arm-none-eabi/lib/thumb/v7-m/nofp\libc_nano.a(lib_a-locale.o)
                                  0x9 (size before relaxing)
 .rodata.str1.1
                0x08005514        0x2 c:/arm_gcc/bin/../lib/gcc/arm-none-eabi/9.2.1/../../../../arm-none-eabi/lib/thumb/v7-m/nofp\libc_nano.a(lib_a-locale.o)
 .rodata._ctype_
                0x08005516      0x101 c:/arm_gcc/bin/../lib/gcc/arm-none-eabi/9.2.1/../../../../arm-none-eabi/lib/thumb/v7-m/nofp\libc_nano.a(lib_a-ctype_.o)
                0x08005516                _ctype_
                0x08005618                . = ALIGN (0x4)
 *fill*         0x08005617        0x1 

.rel.dyn        0x08005618        0x0
 .rel.iplt      0x08005618        0x0 c:/arm_gcc/bin/../lib/gcc/arm-none-eabi/9.2.1/thumb/v7-m/nofp/crtbegin.o

.ARM.extab
 *(.ARM.extab* .gnu.linkonce.armextab.*)

.ARM            0x08005618        0x0
                0x08005618                __exidx_start = .
 *(.ARM.exidx*)
                0x08005618                __exidx_end = .

.preinit_array  0x08005618        0x0
                0x08005618                PROVIDE (__preinit_array_start = .)
 *(.preinit_array*)
                0x08005618                PROVIDE (__preinit_array_end = .)

.init_array     0x08005618        0x4
                0x08005618                PROVIDE (__init_array_start = .)
 *(SORT_BY_NAME(.init_array.*))
 *(.init_array*)
 .init_array    0x08005618        0x4 c:/arm_gcc/bin/../lib/gcc/arm-none-eabi/9.2.1/thumb/v7-m/nofp/crtbegin.o
                0x0800561c                PROVIDE (__init_array_end = .)

.fini_array     0x0800561c        0x4
                [!provide]                PROVIDE (__fini_array_start = .)
 *(SORT_BY_NAME(.fini_array.*))
 *(.fini_array*)
 .fini_array    0x0800561c        0x4 c:/arm_gcc/bin/../lib/gcc/arm-none-eabi/9.2.1/thumb/v7-m/nofp/crtbegin.o
                [!provide]                PROVIDE (__fini_array_end = .)
                0x08005620                _sidata = LOADADDR (.data)

.data           0x20000000      0x208 load address 0x08005620
                0x20000000                . = ALIGN (0x4)
                0x20000000                _sdata = .
 *(.data)
 *(.data*)
 .data.TX_data  0x20000000        0xa build/main.o
                0x20000000                TX_data
 *fill*         0x2000000a        0x2 
 .data.NRF_TX_Data
                0x2000000c        0xa build/nrf24l01.o
                0x2000000c                NRF_TX_Data
 *fill*         0x20000016        0x2 
 .data.RX_ADDRESS
                0x20000018        0xf build/nrf24l01.o
                0x20000018                RX_ADDRESS
 *fill*         0x20000027        0x1 
 .data.TX_ADDRESS
                0x20000028        0x5 build/nrf24l01.o
                0x20000028                TX_ADDRESS
 .data.uwTickFreq
                0x2000002d        0x1 build/stm32f1xx_hal.o
                0x2000002d                uwTickFreq
 *fill*         0x2000002e        0x2 
 .data.uwTickPrio
                0x20000030        0x4 build/stm32f1xx_hal.o
                0x20000030                uwTickPrio
 .data.SystemCoreClock
                0x20000034        0x4 build/system_stm32f1xx.o
                0x20000034                SystemCoreClock
 .data._impure_ptr
                0x20000038        0x4 c:/arm_gcc/bin/../lib/gcc/arm-none-eabi/9.2.1/../../../../arm-none-eabi/lib/thumb/v7-m/nofp\libc_nano.a(lib_a-impure.o)
                0x20000038                _impure_ptr
 .data.impure_data
                0x2000003c       0x60 c:/arm_gcc/bin/../lib/gcc/arm-none-eabi/9.2.1/../../../../arm-none-eabi/lib/thumb/v7-m/nofp\libc_nano.a(lib_a-impure.o)
 .data.__global_locale
                0x2000009c      0x16c c:/arm_gcc/bin/../lib/gcc/arm-none-eabi/9.2.1/../../../../arm-none-eabi/lib/thumb/v7-m/nofp\libc_nano.a(lib_a-locale.o)
                0x2000009c                __global_locale
                0x20000208                . = ALIGN (0x4)
                0x20000208                _edata = .

.igot.plt       0x20000208        0x0 load address 0x08005828
 .igot.plt      0x20000208        0x0 c:/arm_gcc/bin/../lib/gcc/arm-none-eabi/9.2.1/thumb/v7-m/nofp/crtbegin.o
                0x20000208                . = ALIGN (0x4)

.bss            0x20000208      0x27c load address 0x08005828
                0x20000208                _sbss = .
                0x20000208                __bss_start__ = _sbss
 *(.bss)
 .bss           0x20000208       0x1c c:/arm_gcc/bin/../lib/gcc/arm-none-eabi/9.2.1/thumb/v7-m/nofp/crtbegin.o
 *(.bss*)
 .bss.Cnt       0x20000224        0x1 build/main.o
 .bss.CONFIG_VALUE
                0x20000225        0x1 build/nrf24l01.o
                0x20000225                CONFIG_VALUE
 *fill*         0x20000226        0x2 
 .bss.__malloc_free_list
                0x20000228        0x4 c:/arm_gcc/bin/../lib/gcc/arm-none-eabi/9.2.1/../../../../arm-none-eabi/lib/thumb/v7-m/nofp\libc_nano.a(lib_a-nano-mallocr.o)
                0x20000228                __malloc_free_list
 .bss.__malloc_sbrk_start
                0x2000022c        0x4 c:/arm_gcc/bin/../lib/gcc/arm-none-eabi/9.2.1/../../../../arm-none-eabi/lib/thumb/v7-m/nofp\libc_nano.a(lib_a-nano-mallocr.o)
                0x2000022c                __malloc_sbrk_start
 .bss.heap_end.4144
                0x20000230        0x4 c:/arm_gcc/bin/../lib/gcc/arm-none-eabi/9.2.1/../../../../arm-none-eabi/lib/thumb/v7-m/nofp\libnosys.a(sbrk.o)
 *(COMMON)
 COMMON         0x20000234        0xa build/main.o
                0x20000234                ADC_Value
 *fill*         0x2000023e        0x2 
 COMMON         0x20000240       0xa4 build/adc.o
                0x20000240                hadc2
                0x20000270                hadc1
                0x200002a0                hdma_adc1
 COMMON         0x200002e4       0x54 build/i2c.o
                0x200002e4                hi2c1
 COMMON         0x20000338       0x58 build/spi.o
                0x20000338                hspi2
 COMMON         0x20000390       0xc8 build/usart.o
                0x20000390                hdma_usart1_tx
                0x200003d4                hdma_usart1_rx
                0x20000418                huart1
 COMMON         0x20000458       0x18 build/nrf24l01.o
                0x20000458                SPI_USE
                0x2000045c                CE_GPIO_PIN
                0x20000460                CE_GPIO_PORT
                0x20000464                STATUS_VALUE
                0x20000465                FIFO_State
                0x20000468                CSN_GPIO_PIN
                0x2000046c                CSN_GPIO_PORT
 COMMON         0x20000470        0x4 build/stm32f1xx_hal.o
                0x20000470                uwTick
 COMMON         0x20000474        0x4 c:/arm_gcc/bin/../lib/gcc/arm-none-eabi/9.2.1/../../../../arm-none-eabi/lib/thumb/v7-m/nofp\libc_nano.a(lib_a-reent.o)
                0x20000474                errno
 COMMON         0x20000478        0x9 c:/arm_gcc/bin/../lib/gcc/arm-none-eabi/9.2.1/../../../../arm-none-eabi/lib/thumb/v7-m/nofp\libc_nano.a(lib_a-lock.o)
                0x20000478                __lock___atexit_recursive_mutex
                0x20000479                __lock___arc4random_mutex
                0x2000047a                __lock___env_recursive_mutex
                0x2000047b                __lock___sinit_recursive_mutex
                0x2000047c                __lock___malloc_recursive_mutex
                0x2000047d                __lock___at_quick_exit_mutex
                0x2000047e                __lock___dd_hash_mutex
                0x2000047f                __lock___tz_mutex
                0x20000480                __lock___sfp_recursive_mutex
                0x20000484                . = ALIGN (0x4)
 *fill*         0x20000481        0x3 
                0x20000484                _ebss = .
                0x20000484                __bss_end__ = _ebss

._user_heap_stack
                0x20000484      0x604 load address 0x08005828
                0x20000488                . = ALIGN (0x8)
 *fill*         0x20000484        0x4 
                0x20000488                PROVIDE (end = .)
                [!provide]                PROVIDE (_end = .)
                0x20000688                . = (. + _Min_Heap_Size)
 *fill*         0x20000488      0x200 
                0x20000a88                . = (. + _Min_Stack_Size)
 *fill*         0x20000688      0x400 
                0x20000a88                . = ALIGN (0x8)

/DISCARD/
 libc.a(*)
 libm.a(*)
 libgcc.a(*)

.ARM.attributes
                0x00000000       0x29
 *(.ARM.attributes)
 .ARM.attributes
                0x00000000       0x1d c:/arm_gcc/bin/../lib/gcc/arm-none-eabi/9.2.1/thumb/v7-m/nofp/crti.o
 .ARM.attributes
                0x0000001d       0x2d c:/arm_gcc/bin/../lib/gcc/arm-none-eabi/9.2.1/thumb/v7-m/nofp/crtbegin.o
 .ARM.attributes
                0x0000004a       0x2d build/main.o
 .ARM.attributes
                0x00000077       0x2d build/gpio.o
 .ARM.attributes
                0x000000a4       0x2d build/adc.o
 .ARM.attributes
                0x000000d1       0x2d build/dma.o
 .ARM.attributes
                0x000000fe       0x2d build/i2c.o
 .ARM.attributes
                0x0000012b       0x2d build/spi.o
 .ARM.attributes
                0x00000158       0x2d build/usart.o
 .ARM.attributes
                0x00000185       0x2d build/stm32f1xx_it.o
 .ARM.attributes
                0x000001b2       0x2d build/stm32f1xx_hal_msp.o
 .ARM.attributes
                0x000001df       0x2d build/nrf24l01.o
 .ARM.attributes
                0x0000020c       0x2d build/stm32f1xx_hal_adc.o
 .ARM.attributes
                0x00000239       0x2d build/stm32f1xx_hal.o
 .ARM.attributes
                0x00000266       0x2d build/stm32f1xx_hal_rcc.o
 .ARM.attributes
                0x00000293       0x2d build/stm32f1xx_hal_rcc_ex.o
 .ARM.attributes
                0x000002c0       0x2d build/stm32f1xx_hal_gpio.o
 .ARM.attributes
                0x000002ed       0x2d build/stm32f1xx_hal_dma.o
 .ARM.attributes
                0x0000031a       0x2d build/stm32f1xx_hal_cortex.o
 .ARM.attributes
                0x00000347       0x2d build/stm32f1xx_hal_i2c.o
 .ARM.attributes
                0x00000374       0x2d build/stm32f1xx_hal_spi.o
 .ARM.attributes
                0x000003a1       0x2d build/stm32f1xx_hal_uart.o
 .ARM.attributes
                0x000003ce       0x2d build/system_stm32f1xx.o
 .ARM.attributes
                0x000003fb       0x21 build/startup_stm32f103xe.o
 .ARM.attributes
                0x0000041c       0x2d c:/arm_gcc/bin/../lib/gcc/arm-none-eabi/9.2.1/../../../../arm-none-eabi/lib/thumb/v7-m/nofp\libc_nano.a(lib_a-impure.o)
 .ARM.attributes
                0x00000449       0x2d c:/arm_gcc/bin/../lib/gcc/arm-none-eabi/9.2.1/../../../../arm-none-eabi/lib/thumb/v7-m/nofp\libc_nano.a(lib_a-init.o)
 .ARM.attributes
                0x00000476       0x2d c:/arm_gcc/bin/../lib/gcc/arm-none-eabi/9.2.1/../../../../arm-none-eabi/lib/thumb/v7-m/nofp\libc_nano.a(lib_a-malloc.o)
 .ARM.attributes
                0x000004a3       0x2d c:/arm_gcc/bin/../lib/gcc/arm-none-eabi/9.2.1/../../../../arm-none-eabi/lib/thumb/v7-m/nofp\libc_nano.a(lib_a-memcpy-stub.o)
 .ARM.attributes
                0x000004d0       0x2d c:/arm_gcc/bin/../lib/gcc/arm-none-eabi/9.2.1/../../../../arm-none-eabi/lib/thumb/v7-m/nofp\libc_nano.a(lib_a-memset.o)
 .ARM.attributes
                0x000004fd       0x2d c:/arm_gcc/bin/../lib/gcc/arm-none-eabi/9.2.1/../../../../arm-none-eabi/lib/thumb/v7-m/nofp\libc_nano.a(lib_a-nano-freer.o)
 .ARM.attributes
                0x0000052a       0x2d c:/arm_gcc/bin/../lib/gcc/arm-none-eabi/9.2.1/../../../../arm-none-eabi/lib/thumb/v7-m/nofp\libc_nano.a(lib_a-nano-mallocr.o)
 .ARM.attributes
                0x00000557       0x2d c:/arm_gcc/bin/../lib/gcc/arm-none-eabi/9.2.1/../../../../arm-none-eabi/lib/thumb/v7-m/nofp\libc_nano.a(lib_a-nano-vfprintf_float.o)
 .ARM.attributes
                0x00000584       0x2d c:/arm_gcc/bin/../lib/gcc/arm-none-eabi/9.2.1/../../../../arm-none-eabi/lib/thumb/v7-m/nofp\libc_nano.a(lib_a-nano-vfprintf_i.o)
 .ARM.attributes
                0x000005b1       0x2d c:/arm_gcc/bin/../lib/gcc/arm-none-eabi/9.2.1/../../../../arm-none-eabi/lib/thumb/v7-m/nofp\libc_nano.a(lib_a-sbrkr.o)
 .ARM.attributes
                0x000005de       0x17 c:/arm_gcc/bin/../lib/gcc/arm-none-eabi/9.2.1/../../../../arm-none-eabi/lib/thumb/v7-m/nofp\libc_nano.a(lib_a-strlen.o)
 .ARM.attributes
                0x000005f5       0x2d c:/arm_gcc/bin/../lib/gcc/arm-none-eabi/9.2.1/../../../../arm-none-eabi/lib/thumb/v7-m/nofp\libc_nano.a(lib_a-dtoa.o)
 .ARM.attributes
                0x00000622       0x2d c:/arm_gcc/bin/../lib/gcc/arm-none-eabi/9.2.1/../../../../arm-none-eabi/lib/thumb/v7-m/nofp\libc_nano.a(lib_a-localeconv.o)
 .ARM.attributes
                0x0000064f       0x2d c:/arm_gcc/bin/../lib/gcc/arm-none-eabi/9.2.1/../../../../arm-none-eabi/lib/thumb/v7-m/nofp\libc_nano.a(lib_a-mlock.o)
 .ARM.attributes
                0x0000067c       0x2d c:/arm_gcc/bin/../lib/gcc/arm-none-eabi/9.2.1/../../../../arm-none-eabi/lib/thumb/v7-m/nofp\libc_nano.a(lib_a-mprec.o)
 .ARM.attributes
                0x000006a9       0x2d c:/arm_gcc/bin/../lib/gcc/arm-none-eabi/9.2.1/../../../../arm-none-eabi/lib/thumb/v7-m/nofp\libc_nano.a(lib_a-nano-callocr.o)
 .ARM.attributes
                0x000006d6       0x2d c:/arm_gcc/bin/../lib/gcc/arm-none-eabi/9.2.1/../../../../arm-none-eabi/lib/thumb/v7-m/nofp\libc_nano.a(lib_a-reent.o)
 .ARM.attributes
                0x00000703       0x2d c:/arm_gcc/bin/../lib/gcc/arm-none-eabi/9.2.1/../../../../arm-none-eabi/lib/thumb/v7-m/nofp\libc_nano.a(lib_a-locale.o)
 .ARM.attributes
                0x00000730       0x2d c:/arm_gcc/bin/../lib/gcc/arm-none-eabi/9.2.1/../../../../arm-none-eabi/lib/thumb/v7-m/nofp\libc_nano.a(lib_a-lock.o)
 .ARM.attributes
                0x0000075d       0x2d c:/arm_gcc/bin/../lib/gcc/arm-none-eabi/9.2.1/../../../../arm-none-eabi/lib/thumb/v7-m/nofp\libc_nano.a(lib_a-mbtowc_r.o)
 .ARM.attributes
                0x0000078a       0x2d c:/arm_gcc/bin/../lib/gcc/arm-none-eabi/9.2.1/../../../../arm-none-eabi/lib/thumb/v7-m/nofp\libc_nano.a(lib_a-wctomb_r.o)
 .ARM.attributes
                0x000007b7       0x2d c:/arm_gcc/bin/../lib/gcc/arm-none-eabi/9.2.1/../../../../arm-none-eabi/lib/thumb/v7-m/nofp\libc_nano.a(lib_a-ctype_.o)
 .ARM.attributes
                0x000007e4       0x2d c:/arm_gcc/bin/../lib/gcc/arm-none-eabi/9.2.1/../../../../arm-none-eabi/lib/thumb/v7-m/nofp\libnosys.a(sbrk.o)
 .ARM.attributes
                0x00000811       0x1d c:/arm_gcc/bin/../lib/gcc/arm-none-eabi/9.2.1/thumb/v7-m/nofp\libgcc.a(_arm_addsubdf3.o)
 .ARM.attributes
                0x0000082e       0x1d c:/arm_gcc/bin/../lib/gcc/arm-none-eabi/9.2.1/thumb/v7-m/nofp\libgcc.a(_arm_muldivdf3.o)
 .ARM.attributes
                0x0000084b       0x1d c:/arm_gcc/bin/../lib/gcc/arm-none-eabi/9.2.1/thumb/v7-m/nofp\libgcc.a(_arm_cmpdf2.o)
 .ARM.attributes
                0x00000868       0x1d c:/arm_gcc/bin/../lib/gcc/arm-none-eabi/9.2.1/thumb/v7-m/nofp\libgcc.a(_arm_unorddf2.o)
 .ARM.attributes
                0x00000885       0x1d c:/arm_gcc/bin/../lib/gcc/arm-none-eabi/9.2.1/thumb/v7-m/nofp\libgcc.a(_arm_fixdfsi.o)
 .ARM.attributes
                0x000008a2       0x1d c:/arm_gcc/bin/../lib/gcc/arm-none-eabi/9.2.1/thumb/v7-m/nofp/crtn.o
OUTPUT(build/RemoteControl.elf elf32-littlearm)

.debug_info     0x00000000    0x14a5f
 .debug_info    0x00000000     0x1db5 build/main.o
 .debug_info    0x00001db5      0x7b5 build/gpio.o
 .debug_info    0x0000256a      0xbec build/adc.o
 .debug_info    0x00003156      0x4d5 build/dma.o
 .debug_info    0x0000362b      0xa3f build/i2c.o
 .debug_info    0x0000406a      0xa20 build/spi.o
 .debug_info    0x00004a8a      0xc59 build/usart.o
 .debug_info    0x000056e3      0x9f0 build/stm32f1xx_it.o
 .debug_info    0x000060d3      0x332 build/stm32f1xx_hal_msp.o
 .debug_info    0x00006405     0x1fff build/nrf24l01.o
 .debug_info    0x00008404     0x10f9 build/stm32f1xx_hal_adc.o
 .debug_info    0x000094fd      0x94a build/stm32f1xx_hal.o
 .debug_info    0x00009e47      0xb67 build/stm32f1xx_hal_rcc.o
 .debug_info    0x0000a9ae      0x582 build/stm32f1xx_hal_rcc_ex.o
 .debug_info    0x0000af30      0x7d1 build/stm32f1xx_hal_gpio.o
 .debug_info    0x0000b701      0x9b4 build/stm32f1xx_hal_dma.o
 .debug_info    0x0000c0b5      0xf5d build/stm32f1xx_hal_cortex.o
 .debug_info    0x0000d012     0x3cf3 build/stm32f1xx_hal_i2c.o
 .debug_info    0x00010d05     0x1fb2 build/stm32f1xx_hal_spi.o
 .debug_info    0x00012cb7     0x1a8f build/stm32f1xx_hal_uart.o
 .debug_info    0x00014746      0x2f7 build/system_stm32f1xx.o
 .debug_info    0x00014a3d       0x22 build/startup_stm32f103xe.o

.debug_abbrev   0x00000000     0x3070
 .debug_abbrev  0x00000000      0x2f1 build/main.o
 .debug_abbrev  0x000002f1      0x19b build/gpio.o
 .debug_abbrev  0x0000048c      0x204 build/adc.o
 .debug_abbrev  0x00000690      0x156 build/dma.o
 .debug_abbrev  0x000007e6      0x1f1 build/i2c.o
 .debug_abbrev  0x000009d7      0x1f1 build/spi.o
 .debug_abbrev  0x00000bc8      0x20d build/usart.o
 .debug_abbrev  0x00000dd5      0x1d5 build/stm32f1xx_it.o
 .debug_abbrev  0x00000faa      0x130 build/stm32f1xx_hal_msp.o
 .debug_abbrev  0x000010da      0x3bf build/nrf24l01.o
 .debug_abbrev  0x00001499      0x265 build/stm32f1xx_hal_adc.o
 .debug_abbrev  0x000016fe      0x21c build/stm32f1xx_hal.o
 .debug_abbrev  0x0000191a      0x2ad build/stm32f1xx_hal_rcc.o
 .debug_abbrev  0x00001bc7      0x1fb build/stm32f1xx_hal_rcc_ex.o
 .debug_abbrev  0x00001dc2      0x24f build/stm32f1xx_hal_gpio.o
 .debug_abbrev  0x00002011      0x2a1 build/stm32f1xx_hal_dma.o
 .debug_abbrev  0x000022b2      0x37f build/stm32f1xx_hal_cortex.o
 .debug_abbrev  0x00002631      0x332 build/stm32f1xx_hal_i2c.o
 .debug_abbrev  0x00002963      0x2be build/stm32f1xx_hal_spi.o
 .debug_abbrev  0x00002c21      0x2ea build/stm32f1xx_hal_uart.o
 .debug_abbrev  0x00002f0b      0x153 build/system_stm32f1xx.o
 .debug_abbrev  0x0000305e       0x12 build/startup_stm32f103xe.o

.debug_loc      0x00000000     0xd008
 .debug_loc     0x00000000       0xe9 build/main.o
 .debug_loc     0x000000e9       0x39 build/gpio.o
 .debug_loc     0x00000122      0x143 build/adc.o
 .debug_loc     0x00000265       0x38 build/dma.o
 .debug_loc     0x0000029d       0xeb build/i2c.o
 .debug_loc     0x00000388      0x108 build/spi.o
 .debug_loc     0x00000490       0xf5 build/usart.o
 .debug_loc     0x00000585      0x140 build/stm32f1xx_it.o
 .debug_loc     0x000006c5       0x41 build/stm32f1xx_hal_msp.o
 .debug_loc     0x00000706      0x8bb build/nrf24l01.o
 .debug_loc     0x00000fc1      0xdf1 build/stm32f1xx_hal_adc.o
 .debug_loc     0x00001db2      0x1e1 build/stm32f1xx_hal.o
 .debug_loc     0x00001f93      0x7c0 build/stm32f1xx_hal_rcc.o
 .debug_loc     0x00002753      0x432 build/stm32f1xx_hal_rcc_ex.o
 .debug_loc     0x00002b85      0x53b build/stm32f1xx_hal_gpio.o
 .debug_loc     0x000030c0      0x8ea build/stm32f1xx_hal_dma.o
 .debug_loc     0x000039aa      0x7af build/stm32f1xx_hal_cortex.o
 .debug_loc     0x00004159     0x4b59 build/stm32f1xx_hal_i2c.o
 .debug_loc     0x00008cb2     0x2452 build/stm32f1xx_hal_spi.o
 .debug_loc     0x0000b104     0x1e05 build/stm32f1xx_hal_uart.o
 .debug_loc     0x0000cf09       0xff build/system_stm32f1xx.o

.debug_aranges  0x00000000      0xd48
 .debug_aranges
                0x00000000       0x48 build/main.o
 .debug_aranges
                0x00000048       0x20 build/gpio.o
 .debug_aranges
                0x00000068       0x30 build/adc.o
 .debug_aranges
                0x00000098       0x20 build/dma.o
 .debug_aranges
                0x000000b8       0x30 build/i2c.o
 .debug_aranges
                0x000000e8       0x30 build/spi.o
 .debug_aranges
                0x00000118       0x30 build/usart.o
 .debug_aranges
                0x00000148       0xa8 build/stm32f1xx_it.o
 .debug_aranges
                0x000001f0       0x20 build/stm32f1xx_hal_msp.o
 .debug_aranges
                0x00000210       0xb0 build/nrf24l01.o
 .debug_aranges
                0x000002c0       0xf0 build/stm32f1xx_hal_adc.o
 .debug_aranges
                0x000003b0       0xe0 build/stm32f1xx_hal.o
 .debug_aranges
                0x00000490       0x90 build/stm32f1xx_hal_rcc.o
 .debug_aranges
                0x00000520       0x30 build/stm32f1xx_hal_rcc_ex.o
 .debug_aranges
                0x00000550       0x58 build/stm32f1xx_hal_gpio.o
 .debug_aranges
                0x000005a8       0x80 build/stm32f1xx_hal_dma.o
 .debug_aranges
                0x00000628       0x90 build/stm32f1xx_hal_cortex.o
 .debug_aranges
                0x000006b8      0x2a0 build/stm32f1xx_hal_i2c.o
 .debug_aranges
                0x00000958      0x1d0 build/stm32f1xx_hal_spi.o
 .debug_aranges
                0x00000b28      0x1d0 build/stm32f1xx_hal_uart.o
 .debug_aranges
                0x00000cf8       0x28 build/system_stm32f1xx.o
 .debug_aranges
                0x00000d20       0x28 build/startup_stm32f103xe.o

.debug_ranges   0x00000000      0xcb8
 .debug_ranges  0x00000000       0x38 build/main.o
 .debug_ranges  0x00000038       0x10 build/gpio.o
 .debug_ranges  0x00000048       0x20 build/adc.o
 .debug_ranges  0x00000068       0x10 build/dma.o
 .debug_ranges  0x00000078       0x20 build/i2c.o
 .debug_ranges  0x00000098       0x20 build/spi.o
 .debug_ranges  0x000000b8       0x20 build/usart.o
 .debug_ranges  0x000000d8       0x98 build/stm32f1xx_it.o
 .debug_ranges  0x00000170       0x10 build/stm32f1xx_hal_msp.o
 .debug_ranges  0x00000180       0xb8 build/nrf24l01.o
 .debug_ranges  0x00000238       0xe0 build/stm32f1xx_hal_adc.o
 .debug_ranges  0x00000318       0xd0 build/stm32f1xx_hal.o
 .debug_ranges  0x000003e8       0xa0 build/stm32f1xx_hal_rcc.o
 .debug_ranges  0x00000488       0x38 build/stm32f1xx_hal_rcc_ex.o
 .debug_ranges  0x000004c0       0x48 build/stm32f1xx_hal_gpio.o
 .debug_ranges  0x00000508       0x70 build/stm32f1xx_hal_dma.o
 .debug_ranges  0x00000578       0xe0 build/stm32f1xx_hal_cortex.o
 .debug_ranges  0x00000658      0x2a8 build/stm32f1xx_hal_i2c.o
 .debug_ranges  0x00000900      0x1c0 build/stm32f1xx_hal_spi.o
 .debug_ranges  0x00000ac0      0x1c0 build/stm32f1xx_hal_uart.o
 .debug_ranges  0x00000c80       0x18 build/system_stm32f1xx.o
 .debug_ranges  0x00000c98       0x20 build/startup_stm32f103xe.o

.debug_line     0x00000000     0xf277
 .debug_line    0x00000000      0x44b build/main.o
 .debug_line    0x0000044b      0x24b build/gpio.o
 .debug_line    0x00000696      0x3eb build/adc.o
 .debug_line    0x00000a81      0x184 build/dma.o
 .debug_line    0x00000c05      0x2b6 build/i2c.o
 .debug_line    0x00000ebb      0x2eb build/spi.o
 .debug_line    0x000011a6      0x393 build/usart.o
 .debug_line    0x00001539      0x39a build/stm32f1xx_it.o
 .debug_line    0x000018d3      0x17f build/stm32f1xx_hal_msp.o
 .debug_line    0x00001a52      0x6f2 build/nrf24l01.o
 .debug_line    0x00002144      0xe7b build/stm32f1xx_hal_adc.o
 .debug_line    0x00002fbf      0x4c2 build/stm32f1xx_hal.o
 .debug_line    0x00003481      0xbdf build/stm32f1xx_hal_rcc.o
 .debug_line    0x00004060      0x494 build/stm32f1xx_hal_rcc_ex.o
 .debug_line    0x000044f4      0x5d5 build/stm32f1xx_hal_gpio.o
 .debug_line    0x00004ac9      0xccf build/stm32f1xx_hal_dma.o
 .debug_line    0x00005798      0x618 build/stm32f1xx_hal_cortex.o
 .debug_line    0x00005db0     0x52a2 build/stm32f1xx_hal_i2c.o
 .debug_line    0x0000b052     0x23fd build/stm32f1xx_hal_spi.o
 .debug_line    0x0000d44f     0x1b84 build/stm32f1xx_hal_uart.o
 .debug_line    0x0000efd3      0x232 build/system_stm32f1xx.o
 .debug_line    0x0000f205       0x72 build/startup_stm32f103xe.o

.debug_str      0x00000000     0x3e2d
 .debug_str     0x00000000     0x1162 build/main.o
                               0x1279 (size before relaxing)
 .debug_str     0x00001162      0x494 build/gpio.o
                                0x73b (size before relaxing)
 .debug_str     0x000015f6       0xcb build/adc.o
                                0x728 (size before relaxing)
 .debug_str     0x000016c1        0xf build/dma.o
                                0x6a1 (size before relaxing)
 .debug_str     0x000016d0       0x48 build/i2c.o
                                0x7ff (size before relaxing)
 .debug_str     0x00001718       0x48 build/spi.o
                                0x75c (size before relaxing)
 .debug_str     0x00001760       0x80 build/usart.o
                                0xb6d (size before relaxing)
 .debug_str     0x000017e0      0x1b9 build/stm32f1xx_it.o
                                0x804 (size before relaxing)
 .debug_str     0x00001999       0x57 build/stm32f1xx_hal_msp.o
                                0x2fc (size before relaxing)
 .debug_str     0x000019f0      0x31e build/nrf24l01.o
                                0xdab (size before relaxing)
 .debug_str     0x00001d0e      0x328 build/stm32f1xx_hal_adc.o
                                0x98e (size before relaxing)
 .debug_str     0x00002036      0x258 build/stm32f1xx_hal.o
                                0x954 (size before relaxing)
 .debug_str     0x0000228e      0x1e2 build/stm32f1xx_hal_rcc.o
                                0x6bf (size before relaxing)
 .debug_str     0x00002470       0x81 build/stm32f1xx_hal_rcc_ex.o
                                0x4dc (size before relaxing)
 .debug_str     0x000024f1       0xc8 build/stm32f1xx_hal_gpio.o
                                0x4dd (size before relaxing)
 .debug_str     0x000025b9      0x1e9 build/stm32f1xx_hal_dma.o
                                0x6da (size before relaxing)
 .debug_str     0x000027a2      0x391 build/stm32f1xx_hal_cortex.o
                                0xa70 (size before relaxing)
 .debug_str     0x00002b33      0x8a1 build/stm32f1xx_hal_i2c.o
                               0x1073 (size before relaxing)
 .debug_str     0x000033d4      0x4e1 build/stm32f1xx_hal_spi.o
                                0xc21 (size before relaxing)
 .debug_str     0x000038b5      0x505 build/stm32f1xx_hal_uart.o
                                0xc6d (size before relaxing)
 .debug_str     0x00003dba       0x4f build/system_stm32f1xx.o
                                0x2f3 (size before relaxing)
 .debug_str     0x00003e09       0x24 build/startup_stm32f103xe.o
                                 0x50 (size before relaxing)

.comment        0x00000000       0x79
 .comment       0x00000000       0x79 build/main.o
                                 0x7a (size before relaxing)
 .comment       0x00000079       0x7a build/gpio.o
 .comment       0x00000079       0x7a build/adc.o
 .comment       0x00000079       0x7a build/dma.o
 .comment       0x00000079       0x7a build/i2c.o
 .comment       0x00000079       0x7a build/spi.o
 .comment       0x00000079       0x7a build/usart.o
 .comment       0x00000079       0x7a build/stm32f1xx_it.o
 .comment       0x00000079       0x7a build/stm32f1xx_hal_msp.o
 .comment       0x00000079       0x7a build/nrf24l01.o
 .comment       0x00000079       0x7a build/stm32f1xx_hal_adc.o
 .comment       0x00000079       0x7a build/stm32f1xx_hal.o
 .comment       0x00000079       0x7a build/stm32f1xx_hal_rcc.o
 .comment       0x00000079       0x7a build/stm32f1xx_hal_rcc_ex.o
 .comment       0x00000079       0x7a build/stm32f1xx_hal_gpio.o
 .comment       0x00000079       0x7a build/stm32f1xx_hal_dma.o
 .comment       0x00000079       0x7a build/stm32f1xx_hal_cortex.o
 .comment       0x00000079       0x7a build/stm32f1xx_hal_i2c.o
 .comment       0x00000079       0x7a build/stm32f1xx_hal_spi.o
 .comment       0x00000079       0x7a build/stm32f1xx_hal_uart.o
 .comment       0x00000079       0x7a build/system_stm32f1xx.o

.debug_frame    0x00000000     0x31e4
 .debug_frame   0x00000000       0xa0 build/main.o
 .debug_frame   0x000000a0       0x40 build/gpio.o
 .debug_frame   0x000000e0       0x78 build/adc.o
 .debug_frame   0x00000158       0x2c build/dma.o
 .debug_frame   0x00000184       0x6c build/i2c.o
 .debug_frame   0x000001f0       0x6c build/spi.o
 .debug_frame   0x0000025c       0x74 build/usart.o
 .debug_frame   0x000002d0      0x1a8 build/stm32f1xx_it.o
 .debug_frame   0x00000478       0x28 build/stm32f1xx_hal_msp.o
 .debug_frame   0x000004a0      0x24c build/nrf24l01.o
 .debug_frame   0x000006ec      0x328 build/stm32f1xx_hal_adc.o
 .debug_frame   0x00000a14      0x1e0 build/stm32f1xx_hal.o
 .debug_frame   0x00000bf4      0x1c0 build/stm32f1xx_hal_rcc.o
 .debug_frame   0x00000db4       0x6c build/stm32f1xx_hal_rcc_ex.o
 .debug_frame   0x00000e20      0x104 build/stm32f1xx_hal_gpio.o
 .debug_frame   0x00000f24      0x168 build/stm32f1xx_hal_dma.o
 .debug_frame   0x0000108c      0x13c build/stm32f1xx_hal_cortex.o
 .debug_frame   0x000011c8      0xabc build/stm32f1xx_hal_i2c.o
 .debug_frame   0x00001c84      0x63c build/stm32f1xx_hal_spi.o
 .debug_frame   0x000022c0      0x570 build/stm32f1xx_hal_uart.o
 .debug_frame   0x00002830       0x30 build/system_stm32f1xx.o
 .debug_frame   0x00002860       0x2c c:/arm_gcc/bin/../lib/gcc/arm-none-eabi/9.2.1/../../../../arm-none-eabi/lib/thumb/v7-m/nofp\libc_nano.a(lib_a-init.o)
 .debug_frame   0x0000288c       0x30 c:/arm_gcc/bin/../lib/gcc/arm-none-eabi/9.2.1/../../../../arm-none-eabi/lib/thumb/v7-m/nofp\libc_nano.a(lib_a-malloc.o)
 .debug_frame   0x000028bc       0x28 c:/arm_gcc/bin/../lib/gcc/arm-none-eabi/9.2.1/../../../../arm-none-eabi/lib/thumb/v7-m/nofp\libc_nano.a(lib_a-memcpy-stub.o)
 .debug_frame   0x000028e4       0x20 c:/arm_gcc/bin/../lib/gcc/arm-none-eabi/9.2.1/../../../../arm-none-eabi/lib/thumb/v7-m/nofp\libc_nano.a(lib_a-memset.o)
 .debug_frame   0x00002904       0x38 c:/arm_gcc/bin/../lib/gcc/arm-none-eabi/9.2.1/../../../../arm-none-eabi/lib/thumb/v7-m/nofp\libc_nano.a(lib_a-nano-freer.o)
 .debug_frame   0x0000293c       0x30 c:/arm_gcc/bin/../lib/gcc/arm-none-eabi/9.2.1/../../../../arm-none-eabi/lib/thumb/v7-m/nofp\libc_nano.a(lib_a-nano-mallocr.o)
 .debug_frame   0x0000296c       0x94 c:/arm_gcc/bin/../lib/gcc/arm-none-eabi/9.2.1/../../../../arm-none-eabi/lib/thumb/v7-m/nofp\libc_nano.a(lib_a-nano-vfprintf_float.o)
 .debug_frame   0x00002a00       0x60 c:/arm_gcc/bin/../lib/gcc/arm-none-eabi/9.2.1/../../../../arm-none-eabi/lib/thumb/v7-m/nofp\libc_nano.a(lib_a-nano-vfprintf_i.o)
 .debug_frame   0x00002a60       0x2c c:/arm_gcc/bin/../lib/gcc/arm-none-eabi/9.2.1/../../../../arm-none-eabi/lib/thumb/v7-m/nofp\libc_nano.a(lib_a-sbrkr.o)
 .debug_frame   0x00002a8c       0x6c c:/arm_gcc/bin/../lib/gcc/arm-none-eabi/9.2.1/../../../../arm-none-eabi/lib/thumb/v7-m/nofp\libc_nano.a(lib_a-dtoa.o)
 .debug_frame   0x00002af8       0x40 c:/arm_gcc/bin/../lib/gcc/arm-none-eabi/9.2.1/../../../../arm-none-eabi/lib/thumb/v7-m/nofp\libc_nano.a(lib_a-localeconv.o)
 .debug_frame   0x00002b38       0x30 c:/arm_gcc/bin/../lib/gcc/arm-none-eabi/9.2.1/../../../../arm-none-eabi/lib/thumb/v7-m/nofp\libc_nano.a(lib_a-mlock.o)
 .debug_frame   0x00002b68      0x254 c:/arm_gcc/bin/../lib/gcc/arm-none-eabi/9.2.1/../../../../arm-none-eabi/lib/thumb/v7-m/nofp\libc_nano.a(lib_a-mprec.o)
 .debug_frame   0x00002dbc       0x2c c:/arm_gcc/bin/../lib/gcc/arm-none-eabi/9.2.1/../../../../arm-none-eabi/lib/thumb/v7-m/nofp\libc_nano.a(lib_a-nano-callocr.o)
 .debug_frame   0x00002de8       0x5c c:/arm_gcc/bin/../lib/gcc/arm-none-eabi/9.2.1/../../../../arm-none-eabi/lib/thumb/v7-m/nofp\libc_nano.a(lib_a-reent.o)
 .debug_frame   0x00002e44       0x48 c:/arm_gcc/bin/../lib/gcc/arm-none-eabi/9.2.1/../../../../arm-none-eabi/lib/thumb/v7-m/nofp\libc_nano.a(lib_a-locale.o)
 .debug_frame   0x00002e8c       0xb0 c:/arm_gcc/bin/../lib/gcc/arm-none-eabi/9.2.1/../../../../arm-none-eabi/lib/thumb/v7-m/nofp\libc_nano.a(lib_a-lock.o)
 .debug_frame   0x00002f3c       0x48 c:/arm_gcc/bin/../lib/gcc/arm-none-eabi/9.2.1/../../../../arm-none-eabi/lib/thumb/v7-m/nofp\libc_nano.a(lib_a-mbtowc_r.o)
 .debug_frame   0x00002f84       0x3c c:/arm_gcc/bin/../lib/gcc/arm-none-eabi/9.2.1/../../../../arm-none-eabi/lib/thumb/v7-m/nofp\libc_nano.a(lib_a-wctomb_r.o)
 .debug_frame   0x00002fc0       0x20 c:/arm_gcc/bin/../lib/gcc/arm-none-eabi/9.2.1/../../../../arm-none-eabi/lib/thumb/v7-m/nofp\libnosys.a(sbrk.o)
 .debug_frame   0x00002fe0       0xac c:/arm_gcc/bin/../lib/gcc/arm-none-eabi/9.2.1/thumb/v7-m/nofp\libgcc.a(_arm_addsubdf3.o)
 .debug_frame   0x0000308c       0x50 c:/arm_gcc/bin/../lib/gcc/arm-none-eabi/9.2.1/thumb/v7-m/nofp\libgcc.a(_arm_muldivdf3.o)
 .debug_frame   0x000030dc       0xc4 c:/arm_gcc/bin/../lib/gcc/arm-none-eabi/9.2.1/thumb/v7-m/nofp\libgcc.a(_arm_cmpdf2.o)
 .debug_frame   0x000031a0       0x20 c:/arm_gcc/bin/../lib/gcc/arm-none-eabi/9.2.1/thumb/v7-m/nofp\libgcc.a(_arm_unorddf2.o)
 .debug_frame   0x000031c0       0x24 c:/arm_gcc/bin/../lib/gcc/arm-none-eabi/9.2.1/thumb/v7-m/nofp\libgcc.a(_arm_fixdfsi.o)

Cross Reference Table

Symbol                                            File
ADC1_2_IRQHandler                                 build/startup_stm32f103xe.o
ADC3_IRQHandler                                   build/startup_stm32f103xe.o
ADC_ConversionStop_Disable                        build/stm32f1xx_hal_adc.o
                                                  build/stm32f1xx_hal_adc_ex.o
ADC_DMAConvCplt                                   build/stm32f1xx_hal_adc.o
                                                  build/stm32f1xx_hal_adc_ex.o
ADC_DMAError                                      build/stm32f1xx_hal_adc.o
                                                  build/stm32f1xx_hal_adc_ex.o
ADC_DMAHalfConvCplt                               build/stm32f1xx_hal_adc.o
                                                  build/stm32f1xx_hal_adc_ex.o
ADC_Enable                                        build/stm32f1xx_hal_adc.o
                                                  build/stm32f1xx_hal_adc_ex.o
ADC_Value                                         build/main.o
AHBPrescTable                                     build/system_stm32f1xx.o
                                                  build/stm32f1xx_hal_rcc.o
APBPrescTable                                     build/system_stm32f1xx.o
                                                  build/stm32f1xx_hal_rcc.o
BusFault_Handler                                  build/stm32f1xx_it.o
CAN1_RX1_IRQHandler                               build/startup_stm32f103xe.o
CAN1_SCE_IRQHandler                               build/startup_stm32f103xe.o
CE_GPIO_PIN                                       build/nrf24l01.o
CE_GPIO_PORT                                      build/nrf24l01.o
CONFIG_VALUE                                      build/nrf24l01.o
CSN_GPIO_PIN                                      build/nrf24l01.o
CSN_GPIO_PORT                                     build/nrf24l01.o
DMA1_Channel1_IRQHandler                          build/stm32f1xx_it.o
DMA1_Channel2_IRQHandler                          build/startup_stm32f103xe.o
DMA1_Channel3_IRQHandler                          build/startup_stm32f103xe.o
DMA1_Channel4_IRQHandler                          build/stm32f1xx_it.o
DMA1_Channel5_IRQHandler                          build/stm32f1xx_it.o
DMA1_Channel6_IRQHandler                          build/startup_stm32f103xe.o
DMA1_Channel7_IRQHandler                          build/startup_stm32f103xe.o
DMA2_Channel1_IRQHandler                          build/startup_stm32f103xe.o
DMA2_Channel2_IRQHandler                          build/startup_stm32f103xe.o
DMA2_Channel3_IRQHandler                          build/startup_stm32f103xe.o
DMA2_Channel4_5_IRQHandler                        build/startup_stm32f103xe.o
DebugMon_Handler                                  build/stm32f1xx_it.o
Default_Handler                                   build/startup_stm32f103xe.o
EXTI0_IRQHandler                                  build/stm32f1xx_it.o
EXTI15_10_IRQHandler                              build/startup_stm32f103xe.o
EXTI1_IRQHandler                                  build/stm32f1xx_it.o
EXTI2_IRQHandler                                  build/stm32f1xx_it.o
EXTI3_IRQHandler                                  build/stm32f1xx_it.o
EXTI4_IRQHandler                                  build/startup_stm32f103xe.o
EXTI9_5_IRQHandler                                build/stm32f1xx_it.o
Error_Handler                                     build/main.o
                                                  build/usart.o
                                                  build/spi.o
                                                  build/i2c.o
                                                  build/adc.o
FIFO_State                                        build/nrf24l01.o
FLASH_IRQHandler                                  build/startup_stm32f103xe.o
FLASH_PageErase                                   build/stm32f1xx_hal_flash_ex.o
                                                  build/stm32f1xx_hal_flash.o
FLASH_WaitForLastOperation                        build/stm32f1xx_hal_flash.o
                                                  build/stm32f1xx_hal_flash_ex.o
FSMC_IRQHandler                                   build/startup_stm32f103xe.o
HAL_ADCEx_Calibration_Start                       build/stm32f1xx_hal_adc_ex.o
HAL_ADCEx_InjectedConfigChannel                   build/stm32f1xx_hal_adc_ex.o
HAL_ADCEx_InjectedConvCpltCallback                build/stm32f1xx_hal_adc_ex.o
                                                  build/stm32f1xx_hal_adc.o
HAL_ADCEx_InjectedGetValue                        build/stm32f1xx_hal_adc_ex.o
HAL_ADCEx_InjectedPollForConversion               build/stm32f1xx_hal_adc_ex.o
HAL_ADCEx_InjectedStart                           build/stm32f1xx_hal_adc_ex.o
HAL_ADCEx_InjectedStart_IT                        build/stm32f1xx_hal_adc_ex.o
HAL_ADCEx_InjectedStop                            build/stm32f1xx_hal_adc_ex.o
HAL_ADCEx_InjectedStop_IT                         build/stm32f1xx_hal_adc_ex.o
HAL_ADCEx_MultiModeConfigChannel                  build/stm32f1xx_hal_adc_ex.o
HAL_ADCEx_MultiModeGetValue                       build/stm32f1xx_hal_adc_ex.o
HAL_ADCEx_MultiModeStart_DMA                      build/stm32f1xx_hal_adc_ex.o
HAL_ADCEx_MultiModeStop_DMA                       build/stm32f1xx_hal_adc_ex.o
HAL_ADC_AnalogWDGConfig                           build/stm32f1xx_hal_adc.o
HAL_ADC_ConfigChannel                             build/stm32f1xx_hal_adc.o
                                                  build/adc.o
HAL_ADC_ConvCpltCallback                          build/main.o
HAL_ADC_ConvHalfCpltCallback                      build/stm32f1xx_hal_adc.o
HAL_ADC_DeInit                                    build/stm32f1xx_hal_adc.o
HAL_ADC_ErrorCallback                             build/stm32f1xx_hal_adc.o
HAL_ADC_GetError                                  build/stm32f1xx_hal_adc.o
HAL_ADC_GetState                                  build/stm32f1xx_hal_adc.o
HAL_ADC_GetValue                                  build/stm32f1xx_hal_adc.o
HAL_ADC_IRQHandler                                build/stm32f1xx_hal_adc.o
HAL_ADC_Init                                      build/stm32f1xx_hal_adc.o
                                                  build/adc.o
HAL_ADC_LevelOutOfWindowCallback                  build/stm32f1xx_hal_adc.o
HAL_ADC_MspDeInit                                 build/adc.o
HAL_ADC_MspInit                                   build/adc.o
HAL_ADC_PollForConversion                         build/stm32f1xx_hal_adc.o
HAL_ADC_PollForEvent                              build/stm32f1xx_hal_adc.o
HAL_ADC_Start                                     build/stm32f1xx_hal_adc.o
HAL_ADC_Start_DMA                                 build/stm32f1xx_hal_adc.o
                                                  build/main.o
HAL_ADC_Start_IT                                  build/stm32f1xx_hal_adc.o
HAL_ADC_Stop                                      build/stm32f1xx_hal_adc.o
HAL_ADC_Stop_DMA                                  build/stm32f1xx_hal_adc.o
HAL_ADC_Stop_IT                                   build/stm32f1xx_hal_adc.o
HAL_DBGMCU_DisableDBGSleepMode                    build/stm32f1xx_hal.o
HAL_DBGMCU_DisableDBGStandbyMode                  build/stm32f1xx_hal.o
HAL_DBGMCU_DisableDBGStopMode                     build/stm32f1xx_hal.o
HAL_DBGMCU_EnableDBGSleepMode                     build/stm32f1xx_hal.o
HAL_DBGMCU_EnableDBGStandbyMode                   build/stm32f1xx_hal.o
HAL_DBGMCU_EnableDBGStopMode                      build/stm32f1xx_hal.o
HAL_DMA_Abort                                     build/stm32f1xx_hal_dma.o
                                                  build/stm32f1xx_hal_uart.o
                                                  build/stm32f1xx_hal_spi.o
                                                  build/stm32f1xx_hal_adc_ex.o
                                                  build/stm32f1xx_hal_adc.o
HAL_DMA_Abort_IT                                  build/stm32f1xx_hal_dma.o
                                                  build/stm32f1xx_hal_uart.o
                                                  build/stm32f1xx_hal_spi.o
                                                  build/stm32f1xx_hal_i2c.o
HAL_DMA_DeInit                                    build/stm32f1xx_hal_dma.o
                                                  build/usart.o
                                                  build/adc.o
HAL_DMA_GetError                                  build/stm32f1xx_hal_dma.o
                                                  build/stm32f1xx_hal_uart.o
HAL_DMA_GetState                                  build/stm32f1xx_hal_dma.o
                                                  build/stm32f1xx_hal_i2c.o
HAL_DMA_IRQHandler                                build/stm32f1xx_hal_dma.o
                                                  build/stm32f1xx_it.o
HAL_DMA_Init                                      build/stm32f1xx_hal_dma.o
                                                  build/usart.o
                                                  build/adc.o
HAL_DMA_PollForTransfer                           build/stm32f1xx_hal_dma.o
HAL_DMA_RegisterCallback                          build/stm32f1xx_hal_dma.o
HAL_DMA_Start                                     build/stm32f1xx_hal_dma.o
HAL_DMA_Start_IT                                  build/stm32f1xx_hal_dma.o
                                                  build/stm32f1xx_hal_uart.o
                                                  build/stm32f1xx_hal_spi.o
                                                  build/stm32f1xx_hal_i2c.o
                                                  build/stm32f1xx_hal_adc_ex.o
                                                  build/stm32f1xx_hal_adc.o
HAL_DMA_UnRegisterCallback                        build/stm32f1xx_hal_dma.o
HAL_DeInit                                        build/stm32f1xx_hal.o
HAL_Delay                                         build/stm32f1xx_hal.o
                                                  build/nrf24l01.o
                                                  build/main.o
HAL_EXTI_ClearConfigLine                          build/stm32f1xx_hal_exti.o
HAL_EXTI_ClearPending                             build/stm32f1xx_hal_exti.o
HAL_EXTI_GenerateSWI                              build/stm32f1xx_hal_exti.o
HAL_EXTI_GetConfigLine                            build/stm32f1xx_hal_exti.o
HAL_EXTI_GetHandle                                build/stm32f1xx_hal_exti.o
HAL_EXTI_GetPending                               build/stm32f1xx_hal_exti.o
HAL_EXTI_IRQHandler                               build/stm32f1xx_hal_exti.o
HAL_EXTI_RegisterCallback                         build/stm32f1xx_hal_exti.o
HAL_EXTI_SetConfigLine                            build/stm32f1xx_hal_exti.o
HAL_FLASHEx_Erase                                 build/stm32f1xx_hal_flash_ex.o
HAL_FLASHEx_Erase_IT                              build/stm32f1xx_hal_flash_ex.o
HAL_FLASHEx_OBErase                               build/stm32f1xx_hal_flash_ex.o
HAL_FLASHEx_OBGetConfig                           build/stm32f1xx_hal_flash_ex.o
HAL_FLASHEx_OBGetUserData                         build/stm32f1xx_hal_flash_ex.o
HAL_FLASHEx_OBProgram                             build/stm32f1xx_hal_flash_ex.o
HAL_FLASH_EndOfOperationCallback                  build/stm32f1xx_hal_flash.o
HAL_FLASH_GetError                                build/stm32f1xx_hal_flash.o
HAL_FLASH_IRQHandler                              build/stm32f1xx_hal_flash.o
HAL_FLASH_Lock                                    build/stm32f1xx_hal_flash.o
HAL_FLASH_OB_Launch                               build/stm32f1xx_hal_flash.o
HAL_FLASH_OB_Lock                                 build/stm32f1xx_hal_flash.o
HAL_FLASH_OB_Unlock                               build/stm32f1xx_hal_flash.o
HAL_FLASH_OperationErrorCallback                  build/stm32f1xx_hal_flash.o
HAL_FLASH_Program                                 build/stm32f1xx_hal_flash.o
HAL_FLASH_Program_IT                              build/stm32f1xx_hal_flash.o
HAL_FLASH_Unlock                                  build/stm32f1xx_hal_flash.o
HAL_GPIOEx_ConfigEventout                         build/stm32f1xx_hal_gpio_ex.o
HAL_GPIOEx_DisableEventout                        build/stm32f1xx_hal_gpio_ex.o
HAL_GPIOEx_EnableEventout                         build/stm32f1xx_hal_gpio_ex.o
HAL_GPIO_DeInit                                   build/stm32f1xx_hal_gpio.o
                                                  build/usart.o
                                                  build/spi.o
                                                  build/i2c.o
                                                  build/adc.o
HAL_GPIO_EXTI_Callback                            build/main.o
HAL_GPIO_EXTI_IRQHandler                          build/stm32f1xx_hal_gpio.o
                                                  build/stm32f1xx_it.o
HAL_GPIO_Init                                     build/stm32f1xx_hal_gpio.o
                                                  build/stm32f1xx_hal_rcc.o
                                                  build/usart.o
                                                  build/spi.o
                                                  build/i2c.o
                                                  build/adc.o
                                                  build/gpio.o
HAL_GPIO_LockPin                                  build/stm32f1xx_hal_gpio.o
HAL_GPIO_ReadPin                                  build/stm32f1xx_hal_gpio.o
                                                  build/stm32f1xx_it.o
HAL_GPIO_TogglePin                                build/stm32f1xx_hal_gpio.o
HAL_GPIO_WritePin                                 build/stm32f1xx_hal_gpio.o
                                                  build/nrf24l01.o
                                                  build/gpio.o
HAL_GetDEVID                                      build/stm32f1xx_hal.o
HAL_GetHalVersion                                 build/stm32f1xx_hal.o
HAL_GetREVID                                      build/stm32f1xx_hal.o
HAL_GetTick                                       build/stm32f1xx_hal.o
                                                  build/stm32f1xx_hal_uart.o
                                                  build/stm32f1xx_hal_spi.o
                                                  build/stm32f1xx_hal_i2c.o
                                                  build/stm32f1xx_hal_flash.o
                                                  build/stm32f1xx_hal_dma.o
                                                  build/stm32f1xx_hal_rcc_ex.o
                                                  build/stm32f1xx_hal_rcc.o
                                                  build/stm32f1xx_hal_adc_ex.o
                                                  build/stm32f1xx_hal_adc.o
HAL_GetTickFreq                                   build/stm32f1xx_hal.o
HAL_GetTickPrio                                   build/stm32f1xx_hal.o
HAL_GetUIDw0                                      build/stm32f1xx_hal.o
HAL_GetUIDw1                                      build/stm32f1xx_hal.o
HAL_GetUIDw2                                      build/stm32f1xx_hal.o
HAL_HalfDuplex_EnableReceiver                     build/stm32f1xx_hal_uart.o
HAL_HalfDuplex_EnableTransmitter                  build/stm32f1xx_hal_uart.o
HAL_HalfDuplex_Init                               build/stm32f1xx_hal_uart.o
HAL_I2C_AbortCpltCallback                         build/stm32f1xx_hal_i2c.o
HAL_I2C_AddrCallback                              build/stm32f1xx_hal_i2c.o
HAL_I2C_DeInit                                    build/stm32f1xx_hal_i2c.o
HAL_I2C_DisableListen_IT                          build/stm32f1xx_hal_i2c.o
HAL_I2C_ER_IRQHandler                             build/stm32f1xx_hal_i2c.o
HAL_I2C_EV_IRQHandler                             build/stm32f1xx_hal_i2c.o
HAL_I2C_EnableListen_IT                           build/stm32f1xx_hal_i2c.o
HAL_I2C_ErrorCallback                             build/stm32f1xx_hal_i2c.o
HAL_I2C_GetError                                  build/stm32f1xx_hal_i2c.o
HAL_I2C_GetMode                                   build/stm32f1xx_hal_i2c.o
HAL_I2C_GetState                                  build/stm32f1xx_hal_i2c.o
HAL_I2C_Init                                      build/stm32f1xx_hal_i2c.o
                                                  build/i2c.o
HAL_I2C_IsDeviceReady                             build/stm32f1xx_hal_i2c.o
HAL_I2C_ListenCpltCallback                        build/stm32f1xx_hal_i2c.o
HAL_I2C_MasterRxCpltCallback                      build/stm32f1xx_hal_i2c.o
HAL_I2C_MasterTxCpltCallback                      build/stm32f1xx_hal_i2c.o
HAL_I2C_Master_Abort_IT                           build/stm32f1xx_hal_i2c.o
HAL_I2C_Master_Receive                            build/stm32f1xx_hal_i2c.o
HAL_I2C_Master_Receive_DMA                        build/stm32f1xx_hal_i2c.o
HAL_I2C_Master_Receive_IT                         build/stm32f1xx_hal_i2c.o
HAL_I2C_Master_Seq_Receive_DMA                    build/stm32f1xx_hal_i2c.o
HAL_I2C_Master_Seq_Receive_IT                     build/stm32f1xx_hal_i2c.o
HAL_I2C_Master_Seq_Transmit_DMA                   build/stm32f1xx_hal_i2c.o
HAL_I2C_Master_Seq_Transmit_IT                    build/stm32f1xx_hal_i2c.o
HAL_I2C_Master_Transmit                           build/stm32f1xx_hal_i2c.o
HAL_I2C_Master_Transmit_DMA                       build/stm32f1xx_hal_i2c.o
HAL_I2C_Master_Transmit_IT                        build/stm32f1xx_hal_i2c.o
HAL_I2C_MemRxCpltCallback                         build/stm32f1xx_hal_i2c.o
HAL_I2C_MemTxCpltCallback                         build/stm32f1xx_hal_i2c.o
HAL_I2C_Mem_Read                                  build/stm32f1xx_hal_i2c.o
HAL_I2C_Mem_Read_DMA                              build/stm32f1xx_hal_i2c.o
HAL_I2C_Mem_Read_IT                               build/stm32f1xx_hal_i2c.o
HAL_I2C_Mem_Write                                 build/stm32f1xx_hal_i2c.o
HAL_I2C_Mem_Write_DMA                             build/stm32f1xx_hal_i2c.o
HAL_I2C_Mem_Write_IT                              build/stm32f1xx_hal_i2c.o
HAL_I2C_MspDeInit                                 build/i2c.o
HAL_I2C_MspInit                                   build/i2c.o
HAL_I2C_SlaveRxCpltCallback                       build/stm32f1xx_hal_i2c.o
HAL_I2C_SlaveTxCpltCallback                       build/stm32f1xx_hal_i2c.o
HAL_I2C_Slave_Receive                             build/stm32f1xx_hal_i2c.o
HAL_I2C_Slave_Receive_DMA                         build/stm32f1xx_hal_i2c.o
HAL_I2C_Slave_Receive_IT                          build/stm32f1xx_hal_i2c.o
HAL_I2C_Slave_Seq_Receive_DMA                     build/stm32f1xx_hal_i2c.o
HAL_I2C_Slave_Seq_Receive_IT                      build/stm32f1xx_hal_i2c.o
HAL_I2C_Slave_Seq_Transmit_DMA                    build/stm32f1xx_hal_i2c.o
HAL_I2C_Slave_Seq_Transmit_IT                     build/stm32f1xx_hal_i2c.o
HAL_I2C_Slave_Transmit                            build/stm32f1xx_hal_i2c.o
HAL_I2C_Slave_Transmit_DMA                        build/stm32f1xx_hal_i2c.o
HAL_I2C_Slave_Transmit_IT                         build/stm32f1xx_hal_i2c.o
HAL_IncTick                                       build/stm32f1xx_hal.o
                                                  build/stm32f1xx_it.o
HAL_Init                                          build/stm32f1xx_hal.o
                                                  build/main.o
HAL_InitTick                                      build/stm32f1xx_hal.o
                                                  build/stm32f1xx_hal_rcc.o
HAL_LIN_Init                                      build/stm32f1xx_hal_uart.o
HAL_LIN_SendBreak                                 build/stm32f1xx_hal_uart.o
HAL_MspDeInit                                     build/stm32f1xx_hal.o
HAL_MspInit                                       build/stm32f1xx_hal_msp.o
HAL_MultiProcessor_EnterMuteMode                  build/stm32f1xx_hal_uart.o
HAL_MultiProcessor_ExitMuteMode                   build/stm32f1xx_hal_uart.o
HAL_MultiProcessor_Init                           build/stm32f1xx_hal_uart.o
HAL_NVIC_ClearPendingIRQ                          build/stm32f1xx_hal_cortex.o
HAL_NVIC_DisableIRQ                               build/stm32f1xx_hal_cortex.o
                                                  build/usart.o
HAL_NVIC_EnableIRQ                                build/stm32f1xx_hal_cortex.o
                                                  build/usart.o
                                                  build/dma.o
                                                  build/gpio.o
HAL_NVIC_GetActive                                build/stm32f1xx_hal_cortex.o
HAL_NVIC_GetPendingIRQ                            build/stm32f1xx_hal_cortex.o
HAL_NVIC_GetPriority                              build/stm32f1xx_hal_cortex.o
HAL_NVIC_GetPriorityGrouping                      build/stm32f1xx_hal_cortex.o
HAL_NVIC_SetPendingIRQ                            build/stm32f1xx_hal_cortex.o
HAL_NVIC_SetPriority                              build/stm32f1xx_hal_cortex.o
                                                  build/stm32f1xx_hal.o
                                                  build/usart.o
                                                  build/dma.o
                                                  build/gpio.o
HAL_NVIC_SetPriorityGrouping                      build/stm32f1xx_hal_cortex.o
                                                  build/stm32f1xx_hal.o
HAL_NVIC_SystemReset                              build/stm32f1xx_hal_cortex.o
                                                  build/stm32f1xx_hal_flash.o
HAL_PWR_ConfigPVD                                 build/stm32f1xx_hal_pwr.o
HAL_PWR_DeInit                                    build/stm32f1xx_hal_pwr.o
HAL_PWR_DisableBkUpAccess                         build/stm32f1xx_hal_pwr.o
HAL_PWR_DisablePVD                                build/stm32f1xx_hal_pwr.o
HAL_PWR_DisableSEVOnPend                          build/stm32f1xx_hal_pwr.o
HAL_PWR_DisableSleepOnExit                        build/stm32f1xx_hal_pwr.o
HAL_PWR_DisableWakeUpPin                          build/stm32f1xx_hal_pwr.o
HAL_PWR_EnableBkUpAccess                          build/stm32f1xx_hal_pwr.o
HAL_PWR_EnablePVD                                 build/stm32f1xx_hal_pwr.o
HAL_PWR_EnableSEVOnPend                           build/stm32f1xx_hal_pwr.o
HAL_PWR_EnableSleepOnExit                         build/stm32f1xx_hal_pwr.o
HAL_PWR_EnableWakeUpPin                           build/stm32f1xx_hal_pwr.o
HAL_PWR_EnterSLEEPMode                            build/stm32f1xx_hal_pwr.o
HAL_PWR_EnterSTANDBYMode                          build/stm32f1xx_hal_pwr.o
HAL_PWR_EnterSTOPMode                             build/stm32f1xx_hal_pwr.o
HAL_PWR_PVDCallback                               build/stm32f1xx_hal_pwr.o
HAL_PWR_PVD_IRQHandler                            build/stm32f1xx_hal_pwr.o
HAL_RCCEx_GetPeriphCLKConfig                      build/stm32f1xx_hal_rcc_ex.o
HAL_RCCEx_GetPeriphCLKFreq                        build/stm32f1xx_hal_rcc_ex.o
                                                  build/stm32f1xx_hal_adc_ex.o
                                                  build/stm32f1xx_hal_adc.o
HAL_RCCEx_PeriphCLKConfig                         build/stm32f1xx_hal_rcc_ex.o
                                                  build/main.o
HAL_RCC_CSSCallback                               build/stm32f1xx_hal_rcc.o
HAL_RCC_ClockConfig                               build/stm32f1xx_hal_rcc.o
                                                  build/main.o
HAL_RCC_DeInit                                    build/stm32f1xx_hal_rcc.o
HAL_RCC_DisableCSS                                build/stm32f1xx_hal_rcc.o
HAL_RCC_EnableCSS                                 build/stm32f1xx_hal_rcc.o
HAL_RCC_GetClockConfig                            build/stm32f1xx_hal_rcc.o
HAL_RCC_GetHCLKFreq                               build/stm32f1xx_hal_rcc.o
HAL_RCC_GetOscConfig                              build/stm32f1xx_hal_rcc.o
HAL_RCC_GetPCLK1Freq                              build/stm32f1xx_hal_rcc.o
                                                  build/stm32f1xx_hal_uart.o
                                                  build/stm32f1xx_hal_i2c.o
HAL_RCC_GetPCLK2Freq                              build/stm32f1xx_hal_rcc.o
                                                  build/stm32f1xx_hal_uart.o
                                                  build/stm32f1xx_hal_rcc_ex.o
HAL_RCC_GetSysClockFreq                           build/stm32f1xx_hal_rcc.o
                                                  build/stm32f1xx_hal_rcc_ex.o
HAL_RCC_MCOConfig                                 build/stm32f1xx_hal_rcc.o
HAL_RCC_NMI_IRQHandler                            build/stm32f1xx_hal_rcc.o
HAL_RCC_OscConfig                                 build/stm32f1xx_hal_rcc.o
                                                  build/main.o
HAL_ResumeTick                                    build/stm32f1xx_hal.o
HAL_SPI_Abort                                     build/stm32f1xx_hal_spi.o
HAL_SPI_AbortCpltCallback                         build/stm32f1xx_hal_spi.o
HAL_SPI_Abort_IT                                  build/stm32f1xx_hal_spi.o
HAL_SPI_DMAPause                                  build/stm32f1xx_hal_spi.o
HAL_SPI_DMAResume                                 build/stm32f1xx_hal_spi.o
HAL_SPI_DMAStop                                   build/stm32f1xx_hal_spi.o
HAL_SPI_DeInit                                    build/stm32f1xx_hal_spi.o
HAL_SPI_ErrorCallback                             build/stm32f1xx_hal_spi.o
HAL_SPI_GetError                                  build/stm32f1xx_hal_spi.o
HAL_SPI_GetState                                  build/stm32f1xx_hal_spi.o